/Users/jack/.agents/skills/technical-writing/scripts/technical-writing glossary check
PASS: /Users/jack/src/github.com/agentstation/starmap-catalog-requirements/GLOSSARY.md (81 term(s), 0 error(s))
/Users/jack/.agents/skills/technical-writing/scripts/technical-writing glossary update --check
PASS: no candidate terms are missing from /Users/jack/src/github.com/agentstation/starmap-catalog-requirements/GLOSSARY.md
/Users/jack/.agents/skills/technical-writing/scripts/technical-writing lint . --mode strict --format text
/Users/jack/src/github.com/agentstation/starmap-catalog-requirements/docs/plans/proof/starport-production-catalog/csp11/acquisition-capability-2026-09-26/review.md:1:1: error long_sentence: sentence has 32 words; limit is 25
/Users/jack/src/github.com/agentstation/starmap-catalog-requirements/docs/plans/proof/starport-production-catalog/csp11/consumer-runtime-2026-09-26/producer-review.md:1:1: error long_sentence: sentence has 32 words; limit is 25
/Users/jack/src/github.com/agentstation/starmap-catalog-requirements/docs/plans/proof/starport-production-catalog/csp11/isolation-scope-2026-09-26/deployment_isolation_probe_test.go.txt:13:1: error long_sentence: sentence has 52 words; limit is 25
/Users/jack/src/github.com/agentstation/starmap-catalog-requirements/docs/plans/proof/starport-production-catalog/csp12.1/cache_contract_test.go.txt:20:1: error long_sentence: sentence has 110 words; limit is 25
/Users/jack/src/github.com/agentstation/starmap-catalog-requirements/docs/plans/proof/starport-production-catalog/csp12.2/concurrent-budget-probe.go.txt:18:1: error long_sentence: sentence has 121 words; limit is 25
/Users/jack/src/github.com/agentstation/starmap-catalog-requirements/docs/plans/proof/starport-production-catalog/csp6/membership-promotion-2026-09-16/pre-pr-review.txt:1:1: error long_sentence: sentence has 33 words; limit is 25
/Users/jack/src/github.com/agentstation/starmap-catalog-requirements/docs/plans/proof/starport-production-catalog/csp6/rejection-recovery/pre-ciworkflow-qualified-execution.html:1:1: error long_paragraph: paragraph has 8 sentences; limit is 6
/Users/jack/src/github.com/agentstation/starmap-catalog-requirements/docs/plans/proof/starport-production-catalog/csp6/rejection-recovery/pre-publication-execution.html:1:1: error long_paragraph: paragraph has 7 sentences; limit is 6
/Users/jack/src/github.com/agentstation/starmap-catalog-requirements/docs/plans/proof/starport-production-catalog/csp6/rejection-recovery/pre-repair-170-merge-execution.html:1:1: error long_sentence: sentence has 28 words; limit is 25
/Users/jack/src/github.com/agentstation/starmap-catalog-requirements/docs/plans/proof/starport-production-catalog/csp6/rejection-recovery/prior-execution.html:1:1: error long_paragraph: paragraph has 9 sentences; limit is 6
/Users/jack/src/github.com/agentstation/starmap-catalog-requirements/docs/plans/proof/starport-production-catalog/csp6.1/verification-speed-2026-09-16/go127-startup-repair-review.txt:1:1: error long_sentence: sentence has 33 words; limit is 25
/Users/jack/src/github.com/agentstation/starmap-catalog-requirements/docs/plans/proof/starport-production-catalog/csp6.2/baseline-boundary-prior-execution.html:1:1: error long_paragraph: paragraph has 8 sentences; limit is 6
/Users/jack/src/github.com/agentstation/starmap-catalog-requirements/docs/plans/proof/starport-production-catalog/csp6.2/baseline-boundary-prior-execution.html:1:434: error semicolon: replace the semicolon with a period
/Users/jack/src/github.com/agentstation/starmap-catalog-requirements/docs/plans/proof/starport-production-catalog/csp6.2/date-field-prior-execution.html:1:1: error long_paragraph: paragraph has 9 sentences; limit is 6
/Users/jack/src/github.com/agentstation/starmap-catalog-requirements/docs/plans/proof/starport-production-catalog/csp6.2/origin-repair-prior-execution.html:1:1: error long_paragraph: paragraph has 8 sentences; limit is 6
/Users/jack/src/github.com/agentstation/starmap-catalog-requirements/docs/plans/proof/starport-production-catalog/csp6.2/paired-merge-prior-execution.html:1:1: error long_paragraph: paragraph has 7 sentences; limit is 6
/Users/jack/src/github.com/agentstation/starmap-catalog-requirements/docs/plans/proof/starport-production-catalog/csp6.2/replay-source-prior-execution.html:1:1: error long_paragraph: paragraph has 8 sentences; limit is 6
/Users/jack/src/github.com/agentstation/starmap-catalog-requirements/docs/plans/proof/starport-production-catalog/csp6.2/starmap-merge-prior-execution.html:1:1: error long_paragraph: paragraph has 10 sentences; limit is 6
/Users/jack/src/github.com/agentstation/starmap-catalog-requirements/docs/plans/proof/starport-production-catalog/csp8/sdk-and-review/review-result.txt:1:1: error long_sentence: sentence has 27 words; limit is 25
/Users/jack/src/github.com/agentstation/starmap-catalog-requirements/docs/plans/proof/starport-production-catalog/csp8/settings-2026-09-16/raw/baseline-task.txt:1:1: error long_sentence: sentence has 158 words; limit is 25
/Users/jack/src/github.com/agentstation/starmap-catalog-requirements/docs/plans/proof/starport-production-catalog/csp9/acquisition-integration/before-acquisition_reference_test.go.txt:1:1: error long_sentence: sentence has 54 words; limit is 25
/Users/jack/src/github.com/agentstation/starmap-catalog-requirements/docs/plans/proof/starport-production-catalog/csp9/acquisition-integration/before-acquisition_reference_test.go.txt:2:12: error semicolon: replace the semicolon with a period
/Users/jack/src/github.com/agentstation/starmap-catalog-requirements/docs/plans/proof/starport-production-catalog/csp9/acquisition-integration/before-acquisition_reference_test.go.txt:2:28: error semicolon: replace the semicolon with a period
/Users/jack/src/github.com/agentstation/starmap-catalog-requirements/docs/plans/proof/starport-production-catalog/csp9/acquisition-integration/before-acquisition_reference_test.go.txt:2:38: error semicolon: replace the semicolon with a period
/Users/jack/src/github.com/agentstation/starmap-catalog-requirements/docs/plans/proof/starport-production-catalog/csp9/acquisition-integration/before-acquisition_reference_test.go.txt:5:60: error semicolon: replace the semicolon with a period
/Users/jack/src/github.com/agentstation/starmap-catalog-requirements/docs/plans/proof/starport-production-catalog/csp9/acquisition-integration/before-acquisition_reference_test.go.txt:6:143: error semicolon: replace the semicolon with a period
/Users/jack/src/github.com/agentstation/starmap-catalog-requirements/docs/plans/proof/starport-production-catalog/csp9/acquisition-integration/before-acquisition_reference_test.go.txt:10:35: error semicolon: replace the semicolon with a period
/Users/jack/src/github.com/agentstation/starmap-catalog-requirements/docs/plans/proof/starport-production-catalog/csp9/acquisition-integration/before-acquisition_resolver.go.txt:34:72: error long_sentence: sentence has 26 words; limit is 25
/Users/jack/src/github.com/agentstation/starmap-catalog-requirements/docs/plans/proof/starport-production-catalog/csp9/acquisition-integration/before-acquisition_resolver.go.txt:42:36: error long_sentence: sentence has 70 words; limit is 25
/Users/jack/src/github.com/agentstation/starmap-catalog-requirements/docs/plans/proof/starport-production-catalog/csp9/acquisition-integration/before-acquisition_resolver.go.txt:90:53: error long_sentence: sentence has 44 words; limit is 25
/Users/jack/src/github.com/agentstation/starmap-catalog-requirements/docs/plans/proof/starport-production-catalog/csp9/acquisition-integration/before-acquisition_resolver.go.txt:113:31: error long_sentence: sentence has 47 words; limit is 25
/Users/jack/src/github.com/agentstation/starmap-catalog-requirements/docs/plans/proof/starport-production-catalog/csp9/acquisition-integration/before-acquisition_resolver.go.txt:124:37: error semicolon: replace the semicolon with a period
/Users/jack/src/github.com/agentstation/starmap-catalog-requirements/docs/plans/proof/starport-production-catalog/csp9/acquisition-integration/before-acquisition_resolver.go.txt:129:34: error semicolon: replace the semicolon with a period
/Users/jack/src/github.com/agentstation/starmap-catalog-requirements/docs/plans/proof/starport-production-catalog/csp9/acquisition-integration/before-acquisition_resolver.go.txt:136:1: error long_sentence: sentence has 29 words; limit is 25
/Users/jack/src/github.com/agentstation/starmap-catalog-requirements/docs/plans/proof/starport-production-catalog/csp9/acquisition-integration/existing-writing.txt:1:1: error long_sentence: sentence has 618 words; limit is 25
/Users/jack/src/github.com/agentstation/starmap-catalog-requirements/docs/plans/proof/starport-production-catalog/csp9/acquisition-integration/existing-writing.txt:2:93: error semicolon: replace the semicolon with a period
/Users/jack/src/github.com/agentstation/starmap-catalog-requirements/docs/plans/proof/starport-production-catalog/csp9/acquisition-integration/existing-writing.txt:3:103: error passive_voice: use active voice when the actor is known
/Users/jack/src/github.com/agentstation/starmap-catalog-requirements/docs/plans/proof/starport-production-catalog/csp9/acquisition-integration/existing-writing.txt:4:104: error passive_voice: use active voice when the actor is known
/Users/jack/src/github.com/agentstation/starmap-catalog-requirements/docs/plans/proof/starport-production-catalog/csp9/acquisition-integration/existing-writing.txt:5:93: error semicolon: replace the semicolon with a period
/Users/jack/src/github.com/agentstation/starmap-catalog-requirements/docs/plans/proof/starport-production-catalog/csp9/acquisition-integration/existing-writing.txt:7:105: error passive_voice: use active voice when the actor is known
/Users/jack/src/github.com/agentstation/starmap-catalog-requirements/docs/plans/proof/starport-production-catalog/csp9/acquisition-integration/existing-writing.txt:8:105: error passive_voice: use active voice when the actor is known
/Users/jack/src/github.com/agentstation/starmap-catalog-requirements/docs/plans/proof/starport-production-catalog/csp9/acquisition-integration/existing-writing.txt:9:105: error passive_voice: use active voice when the actor is known
/Users/jack/src/github.com/agentstation/starmap-catalog-requirements/docs/plans/proof/starport-production-catalog/csp9/acquisition-integration/existing-writing.txt:10:93: error semicolon: replace the semicolon with a period
/Users/jack/src/github.com/agentstation/starmap-catalog-requirements/docs/plans/proof/starport-production-catalog/csp9/acquisition-integration/existing-writing.txt:11:105: error passive_voice: use active voice when the actor is known
/Users/jack/src/github.com/agentstation/starmap-catalog-requirements/docs/plans/proof/starport-production-catalog/csp9/acquisition-integration/existing-writing.txt:12:105: error passive_voice: use active voice when the actor is known
/Users/jack/src/github.com/agentstation/starmap-catalog-requirements/docs/plans/proof/starport-production-catalog/csp9/acquisition-integration/existing-writing.txt:13:94: error semicolon: replace the semicolon with a period
/Users/jack/src/github.com/agentstation/starmap-catalog-requirements/docs/plans/proof/starport-production-catalog/csp9/acquisition-integration/existing-writing.txt:14:105: error passive_voice: use active voice when the actor is known
/Users/jack/src/github.com/agentstation/starmap-catalog-requirements/docs/plans/proof/starport-production-catalog/csp9/acquisition-integration/existing-writing.txt:16:94: error semicolon: replace the semicolon with a period
/Users/jack/src/github.com/agentstation/starmap-catalog-requirements/docs/plans/proof/starport-production-catalog/csp9/acquisition-integration/existing-writing.txt:17:105: error passive_voice: use active voice when the actor is known
/Users/jack/src/github.com/agentstation/starmap-catalog-requirements/docs/plans/proof/starport-production-catalog/csp9/acquisition-integration/existing-writing.txt:20:105: error passive_voice: use active voice when the actor is known
/Users/jack/src/github.com/agentstation/starmap-catalog-requirements/docs/plans/proof/starport-production-catalog/csp9/acquisition-integration/existing-writing.txt:22:94: error semicolon: replace the semicolon with a period
/Users/jack/src/github.com/agentstation/starmap-catalog-requirements/docs/plans/proof/starport-production-catalog/csp9/acquisition-integration/existing-writing.txt:24:105: error passive_voice: use active voice when the actor is known
/Users/jack/src/github.com/agentstation/starmap-catalog-requirements/docs/plans/proof/starport-production-catalog/csp9/acquisition-integration/existing-writing.txt:27:105: error passive_voice: use active voice when the actor is known
/Users/jack/src/github.com/agentstation/starmap-catalog-requirements/docs/plans/proof/starport-production-catalog/csp9/acquisition-integration/existing-writing.txt:29:94: error semicolon: replace the semicolon with a period
/Users/jack/src/github.com/agentstation/starmap-catalog-requirements/docs/plans/proof/starport-production-catalog/csp9/acquisition-integration/existing-writing.txt:30:105: error passive_voice: use active voice when the actor is known
/Users/jack/src/github.com/agentstation/starmap-catalog-requirements/docs/plans/proof/starport-production-catalog/csp9/acquisition-integration/existing-writing.txt:32:93: error semicolon: replace the semicolon with a period
/Users/jack/src/github.com/agentstation/starmap-catalog-requirements/docs/plans/proof/starport-production-catalog/csp9/acquisition-integration/existing-writing.txt:35:94: error semicolon: replace the semicolon with a period
/Users/jack/src/github.com/agentstation/starmap-catalog-requirements/docs/plans/proof/starport-production-catalog/csp9/acquisition-integration/existing-writing.txt:37:105: error passive_voice: use active voice when the actor is known
/Users/jack/src/github.com/agentstation/starmap-catalog-requirements/docs/plans/proof/starport-production-catalog/csp9/acquisition-integration/existing-writing.txt:38:93: error semicolon: replace the semicolon with a period
/Users/jack/src/github.com/agentstation/starmap-catalog-requirements/docs/plans/proof/starport-production-catalog/csp9/acquisition-integration/existing-writing.txt:39:105: error passive_voice: use active voice when the actor is known
/Users/jack/src/github.com/agentstation/starmap-catalog-requirements/docs/plans/proof/starport-production-catalog/csp9/acquisition-integration/existing-writing.txt:40:105: error passive_voice: use active voice when the actor is known
/Users/jack/src/github.com/agentstation/starmap-catalog-requirements/docs/plans/proof/starport-production-catalog/csp9/acquisition-integration/existing-writing.txt:43:105: error passive_voice: use active voice when the actor is known
/Users/jack/src/github.com/agentstation/starmap-catalog-requirements/docs/plans/proof/starport-production-catalog/csp9/acquisition-integration/existing-writing.txt:44:94: error semicolon: replace the semicolon with a period
/Users/jack/src/github.com/agentstation/starmap-catalog-requirements/docs/plans/proof/starport-production-catalog/csp9/acquisition-integration/existing-writing.txt:45:93: error semicolon: replace the semicolon with a period
/Users/jack/src/github.com/agentstation/starmap-catalog-requirements/docs/plans/proof/starport-production-catalog/csp9/acquisition-integration/existing-writing.txt:46:93: error semicolon: replace the semicolon with a period
/Users/jack/src/github.com/agentstation/starmap-catalog-requirements/docs/plans/proof/starport-production-catalog/csp9/acquisition-integration/existing-writing.txt:47:105: error passive_voice: use active voice when the actor is known
/Users/jack/src/github.com/agentstation/starmap-catalog-requirements/docs/plans/proof/starport-production-catalog/csp9/acquisition-integration/existing-writing.txt:48:105: error passive_voice: use active voice when the actor is known
/Users/jack/src/github.com/agentstation/starmap-catalog-requirements/docs/plans/proof/starport-production-catalog/csp9/acquisition-integration/existing-writing.txt:49:110: error passive_voice: use active voice when the actor is known
/Users/jack/src/github.com/agentstation/starmap-catalog-requirements/docs/plans/proof/starport-production-catalog/csp9/acquisition-integration/producer-writing-final.txt:1:1: error long_sentence: sentence has 38 words; limit is 25
/Users/jack/src/github.com/agentstation/starmap-catalog-requirements/docs/plans/proof/starport-production-catalog/csp9/acquisition-integration/producer-writing-final.txt:4:26: error ing_main_verb: prefer a simple verb form
/Users/jack/src/github.com/agentstation/starmap-catalog-requirements/docs/plans/proof/starport-production-catalog/csp9/shared-resolver/writing.txt:1:1: error long_sentence: sentence has 38 words; limit is 25
/Users/jack/src/github.com/agentstation/starmap-catalog-requirements/docs/plans/proof/starport-production-catalog/csp9/shared-resolver/writing.txt:4:26: error ing_main_verb: prefer a simple verb form
/Users/jack/src/github.com/agentstation/starmap-catalog-requirements/docs/plans/proof/starport-production-catalog/platform-policy-2026-09-26/consumer-review.md:1:1: error long_sentence: sentence has 26 words; limit is 25
/Users/jack/src/github.com/agentstation/starmap-catalog-requirements/docs/plans/proof/starport-production-catalog/platform-policy-2026-09-26/consumer-review.md:12:174: error passive_voice: use active voice when the actor is known
/Users/jack/src/github.com/agentstation/starmap-catalog-requirements/docs/plans/proof/starport-production-catalog/platform-policy-2026-09-26/consumer-review.md:14:144: error passive_voice: use active voice when the actor is known
/Users/jack/src/github.com/agentstation/starmap-catalog-requirements/docs/plans/proof/starport-production-catalog/platform-policy-2026-09-26/consumer-review.md:24:103: error passive_voice: use active voice when the actor is known
/Users/jack/src/github.com/agentstation/starmap-catalog-requirements/docs/plans/proof/starport-production-catalog/platform-policy-2026-09-26/consumer-review.md:26:1: error long_sentence: sentence has 26 words; limit is 25
/Users/jack/src/github.com/agentstation/starmap-catalog-requirements/docs/plans/proof/starport-production-catalog/platform-policy-2026-09-26/consumer-review.md:44:402: error passive_voice: use active voice when the actor is known
/Users/jack/src/github.com/agentstation/starmap-catalog-requirements/docs/plans/proof/starport-production-catalog/platform-policy-2026-09-26/consumer-review.md:50:235: error banned_word: use a short, precise alternative: 'demonstrates'
/Users/jack/src/github.com/agentstation/starmap-catalog-requirements/docs/plans/proof/starport-production-catalog/platform-policy-2026-09-26/consumer-review.md:50:408: error semicolon: replace the semicolon with a period
/Users/jack/src/github.com/agentstation/starmap-catalog-requirements/docs/plans/proof/starport-production-catalog/platform-policy-2026-09-26/producer-review.md:1:1: error long_sentence: sentence has 28 words; limit is 25
/Users/jack/src/github.com/agentstation/starmap-catalog-requirements/docs/plans/proof/starport-production-catalog/platform-policy-2026-09-26/producer-review.md:6:1: error long_paragraph: paragraph has 14 sentences; limit is 6
/Users/jack/src/github.com/agentstation/starmap-catalog-requirements/docs/plans/proof/starport-production-catalog/platform-policy-2026-09-26/producer-review.md:6:319: error passive_voice: use active voice when the actor is known
/Users/jack/src/github.com/agentstation/starmap-catalog-requirements/docs/plans/proof/starport-production-catalog/platform-policy-2026-09-26/producer-review.md:6:374: error passive_voice: use active voice when the actor is known
/Users/jack/src/github.com/agentstation/starmap-catalog-requirements/docs/plans/proof/starport-production-catalog/platform-policy-2026-09-26/producer-review.md:6:1030: error passive_voice: use active voice when the actor is known
/Users/jack/src/github.com/agentstation/starmap-catalog-requirements/docs/plans/proof/starport-production-catalog/platform-policy-2026-09-26/producer-review.md:6:1188: error semicolon: replace the semicolon with a period
/Users/jack/src/github.com/agentstation/starmap-catalog-requirements/docs/plans/proof/starport-production-catalog/platform-policy-2026-09-26/producer-review.md:6:1236: error long_sentence: sentence has 35 words; limit is 25
/Users/jack/src/github.com/agentstation/starmap-catalog-requirements/docs/plans/proof/starport-production-catalog/platform-policy-2026-09-26/producer-review.md:12:108: error complex_verb: use a simple tense when it preserves the timing
/Users/jack/src/github.com/agentstation/starmap-catalog-requirements/docs/plans/proof/starport-production-catalog/platform-policy-2026-09-26/producer-review.md:12:142: error long_sentence: sentence has 31 words; limit is 25
/Users/jack/src/github.com/agentstation/starmap-catalog-requirements/docs/plans/proof/starport-production-catalog/platform-policy-2026-09-26/producer-review.md:12:189: error passive_voice: use active voice when the actor is known
/Users/jack/src/github.com/agentstation/starmap-catalog-requirements/docs/plans/proof/starport-production-catalog/platform-policy-2026-09-26/producer-review.md:12:287: error banned_word: use a short, precise alternative: 'acquire'
FAIL: 1712 file(s), 91 diagnostic(s)
make: *** [technical-writing-check] Error 1
