[0;34mChecking if documentation is up to date...[0m 
Checking ./pkg/catalogs...
Checking ./pkg/catalogs/evidence...
Checking ./pkg/catalogs/storage...
Checking ./pkg/catalogs/storage/s3...
Checking ./pkg/catalogs/artifact...
Checking ./pkg/catalogs/authority...
Checking ./pkg/catalogs/permission...
Checking ./pkg/catalogs/permission/hostclock...
Checking ./pkg/catalogs/permission/hostclock/internal/w32timerpc...
Checking ./pkg/catalogs/permission/hostclock/profile...
Checking ./pkg/catalogs/projection...
Checking ./pkg/catalogs/remote...
Checking ./pkg/sources...
Checking ./pkg/sources/payload...
Checking ./pkg/errors...
Checking ./pkg/logging...
Checking ./internal/transport...
Checking ./internal/providers/clients...
Checking ./internal/catalog/reconciler...
Checking ./internal/server...
Checking ./internal/server/middleware...
Checking ./internal/server/sse...
Checking ./internal/server/response...
Checking ./internal/server/cache...
Checking ./internal/server/params...
Checking ./internal/server/handlers...
Checking ./internal/cli/convert...
Checking ./internal/sources/providers...
Checking ./internal/sources/local...
Checking ./internal/sources/modelsdev...
Checking ./internal/embedded...
Checking ./internal/embedded/openapi...
Checking ./server...
Checking ./server/administration...
Checking ./remote...
Checking ./runtime...
Checking ./runtime/source...
Checking ./runtime/status...
[0;32mAll documentation is up to date[0m 
External consumer toolchain: go1.27.1
ok  	github.com/agentstation/starmap-test/read-only-consumer	(cached)
ok  	github.com/agentstation/starmap-test/store-only-consumer	1.994s
ok  	github.com/agentstation/starmap-test/pinned-artifact-consumer	(cached)
ok  	github.com/agentstation/starmap-test/server-embed-consumer	1.156s
ok  	github.com/agentstation/starmap-test/remote-subscriber-consumer	2.855s
ok  	github.com/agentstation/starmap-test/server-storage-consumer	9.094s
read-only consumer dependency closure: 37/37 non-standard packages (174 total on this platform); forbidden families absent
store-only consumer: caller-owned adapter contract and publication passed; application/database implementations absent
pinned-artifact consumer: 38/38 non-standard packages; offline verified activation passed; online/acquisition families absent
server-embed consumer non-standard dependency closure: 60/60 packages; acquisition families absent
server-embed consumer: external compile and lifecycle test passed
remote-subscriber consumer non-standard dependency closure: 44/44 packages; forbidden families absent
remote-subscriber consumer: external compile and reactive lifecycle test passed
server-storage consumer non-standard dependency closure: 133/133 packages; filesystem/S3 server and reactive restart matrix passed
ok  	github.com/agentstation/starmap/pkg/catalogs/storage/s3	0.384s
starmap dev
pure-Go verification passed: library, pinned artifact, stores including S3, server, remote, and CLI execute with CGO_ENABLED=0
External consumer toolchain: go1.27.1
ok  	github.com/agentstation/starmap-test/read-only-consumer	1.146s
ok  	github.com/agentstation/starmap-test/store-only-consumer	2.075s
ok  	github.com/agentstation/starmap-test/pinned-artifact-consumer	1.149s
ok  	github.com/agentstation/starmap-test/server-embed-consumer	1.174s
ok  	github.com/agentstation/starmap-test/remote-subscriber-consumer	2.910s
ok  	github.com/agentstation/starmap-test/server-storage-consumer	8.748s
read-only consumer dependency closure: 37/37 non-standard packages (175 total on this platform); forbidden families absent
store-only consumer: caller-owned adapter contract and publication passed; application/database implementations absent
pinned-artifact consumer: 38/38 non-standard packages; offline verified activation passed; online/acquisition families absent
server-embed consumer non-standard dependency closure: 60/60 packages; acquisition families absent
server-embed consumer: external compile and lifecycle test passed
remote-subscriber consumer non-standard dependency closure: 44/44 packages; forbidden families absent
remote-subscriber consumer: external compile and reactive lifecycle test passed
server-storage consumer non-standard dependency closure: 133/133 packages; filesystem/S3 server and reactive restart matrix passed
