/tmp/starport-local-flow-starmap: go1.26.6
	path	github.com/agentstation/starmap/cmd/starmap
	mod	github.com/agentstation/starmap	(devel)	
	dep	cloud.google.com/go	v0.123.0	h1:2NAUJwPR47q+E35uaJeYoNhuNEM9kM8SjgRgdeOJUSE=
	dep	cloud.google.com/go/auth	v0.23.2	h1:pxSCpfiji41hpzpPdMCftEUCezpgpqmmDdYiAjCKXxo=
	dep	cloud.google.com/go/auth/oauth2adapt	v0.2.8	h1:keo8NaayQZ6wimpNSmW5OPc283g65QNIiLpZnkHRbnc=
	dep	cloud.google.com/go/compute/metadata	v0.9.0	h1:pDUj4QMoPejqq20dK0Pg2N4yG9zIkYGdBtwLoEkH9Zs=
	dep	cloud.google.com/go/iam	v1.11.0	h1:KieQ9Pb+LLPak1O3Rv3GgCxhnmkYf7Xyh0P5HfF1jFM=
	dep	cloud.google.com/go/secretmanager	v1.21.0	h1:e56QQaKWRyzBdUz40AeZaio/ZHAl268cFx3QFAAw9CY=
	dep	github.com/Azure/azure-sdk-for-go/sdk/azcore	v1.23.0	h1:4gRPBpN1f6xt88yi4WR26m7XaD9OlWtVT6bWPdGUIok=
	dep	github.com/Azure/azure-sdk-for-go/sdk/azidentity	v1.14.0	h1:CU4+EJeJi3TKYWEcYuSdWsjzw0nVsK/H0MSQOiPcymU=
	dep	github.com/Azure/azure-sdk-for-go/sdk/internal	v1.12.0	h1:fhqpLE3UEXi9lPaBRpQ6XuRW0nU7hgg4zlmZZa+a9q4=
	dep	github.com/Azure/azure-sdk-for-go/sdk/security/keyvault/azsecrets	v1.5.0	h1:aMFOzch6ZJo4Ct9hI4A9Y2fPen5YNRTPmkSBhe5m0ZQ=
	dep	github.com/Azure/azure-sdk-for-go/sdk/security/keyvault/internal	v1.2.0	h1:nCYfgcSyHZXJI8J0IWE5MsCGlb2xp9fJiXyxWgmOFg4=
	dep	github.com/AzureAD/microsoft-authentication-library-for-go	v1.7.2	h1:RHK7bS+HQMslb1sZpAokUt+zTVmue0hKSs2C791hhzU=
	dep	github.com/agentstation/utc	v0.2.0	h1:zKeYoUA65am9lL9k70iKDci17hXlt9l+N9OCAJvD/Wk=
	dep	github.com/asaskevich/govalidator	v0.0.0-20230301143203-a9d515a09cc2	h1:DklsrG3dyBCFEj5IhUbnKptjxatkF07cF2ak3yi77so=
	dep	github.com/aws/aws-sdk-go-v2	v1.45.1	h1:iIoG3NaLhV6UZpPXyPXlDj2I9oS8tV/nMcMnITCC6Ks=
	dep	github.com/aws/aws-sdk-go-v2/config	v1.33.1	h1:bq9jze1hQ5YTCLoVxNnbp0T7rglrlOE7N9YsHqjGkEw=
	dep	github.com/aws/aws-sdk-go-v2/credentials	v1.20.1	h1:Z8GRNEx0u9sDkZOq4PUnN8mjGwbUQGRzMSXpvt3d8xQ=
	dep	github.com/aws/aws-sdk-go-v2/feature/ec2/imds	v1.19.1	h1:YIEBqcqRnpi4Pfv0YHImtgi6czGCwKHANC7SwmUAVD0=
	dep	github.com/aws/aws-sdk-go-v2/internal/configsources	v1.5.1	h1:pc138gM1CW+XPc60rEwUlwwuwWFQK16CI1T7v1F9Oec=
	dep	github.com/aws/aws-sdk-go-v2/internal/endpoints/v2	v2.8.1	h1:K0JsbZQj+1h208Ro1zHeA4l7bMp0NvRffHQ91q8Ol1s=
	dep	github.com/aws/aws-sdk-go-v2/internal/v4a	v1.5.1	h1:yhw5KD1phVyP9vijxOUzDfEtJx+bt+L63k+VfuiYFAA=
	dep	github.com/aws/aws-sdk-go-v2/service/internal/accept-encoding	v1.13.19	h1:bAdDl/HkGCcGPoe25ToSHEw23VIxt6CT5fLcg111BKg=
	dep	github.com/aws/aws-sdk-go-v2/service/internal/presigned-url	v1.14.1	h1:RmmWQPREQdk9U+PfqeHW3MqZaBaNK7TpV9W3RY+b+7g=
	dep	github.com/aws/aws-sdk-go-v2/service/secretsmanager	v1.46.1	h1:WnWkXm0wdenvdzG5QhMvTMWlG7Kh4MNTPcjQn4iuD4M=
	dep	github.com/aws/aws-sdk-go-v2/service/signin	v1.7.1	h1:mdMtSVKdQ3+mzBh+l0ogrFYZVQUCg6pJZOirA2ARsYE=
	dep	github.com/aws/aws-sdk-go-v2/service/sso	v1.35.1	h1:B6WFn91tobD6gG4724ONHaqrpKsoETGnv98LHe/yIGM=
	dep	github.com/aws/aws-sdk-go-v2/service/ssooidc	v1.40.1	h1:6yeYCWFvgbI2TI3K6jr9LtBNhXgJ7g4xqD+DEiaDDmM=
	dep	github.com/aws/aws-sdk-go-v2/service/sts	v1.47.1	h1:Sv2xPnRHlThSUtVujYuUBPI/Il8si6UPHXL8DMiB/F0=
	dep	github.com/aws/smithy-go	v1.28.1	h1:R/nXH00c8qcfCzQVELtRw+eLQWtzv+VAIEFJ1/xxXlQ=
	dep	github.com/blang/semver	v3.5.1+incompatible	h1:cQNTCjp13qL8KC3Nbxr/y2Bqb63oX6wdnnjpJbkM4JQ=
	dep	github.com/cenkalti/backoff/v4	v4.3.0	h1:MyRJ/UdXutAwSAT+s3wNd7MfTIcy71VQueUuFK343L8=
	dep	github.com/cenkalti/backoff/v5	v5.0.3	h1:ZN+IMa753KfX5hd8vVaMixjnqRZ3y8CuJKRKj1xcsSM=
	dep	github.com/cespare/xxhash/v2	v2.3.0	h1:UL815xU9SqsFlibzuggzjXhog7bL6oX9BbNZnL2UFvs=
	dep	github.com/clipperhouse/displaywidth	v0.10.0	h1:GhBG8WuerxjFQQYeuZAeVTuyxuX+UraiZGD4HJQ3Y8g=
	dep	github.com/clipperhouse/uax29/v2	v2.6.0	h1:z0cDbUV+aPASdFb2/ndFnS9ts/WNXgTNNGFoKXuhpos=
	dep	github.com/cpuguy83/go-md2man/v2	v2.0.7	h1:zbFlGlXEAKlwXpmvle3d8Oe3YnkKIK4xSRTd3sHPnBo=
	dep	github.com/cyberphone/json-canonicalization	v0.0.0-20241213102144-19d51d7fe467	h1:uX1JmpONuD549D73r6cgnxyUu18Zb7yHAy5AYU0Pm4Q=
	dep	github.com/digitorus/pkcs7	v0.0.0-20230818184609-3a137a874352	h1:ge14PCmCvPjpMQMIAH7uKg0lrtNSOdpYsRXlwk3QbaE=
	dep	github.com/digitorus/timestamp	v0.0.0-20231217203849-220c5c2851b7	h1:lxmTCgmHE1GUYL7P0MlNa00M67axePTq+9nBSGddR8I=
	dep	github.com/ebitengine/purego	v0.11.0	h1:jhp/D+Nyv7UUW8HAcmcjt2N2rYrYi9m3SL21k0Ua/NI=
	dep	github.com/fatih/color	v1.19.0	h1:Zp3PiM21/9Ld6FzSKyL5c/BULoe/ONr9KlbYVOfG8+w=
	dep	github.com/felixge/httpsnoop	v1.1.0	h1:3YtUj32ZZkqZtt3sZZsClsymw/QDuVfpNhoA31zeORc=
	dep	github.com/fsnotify/fsnotify	v1.10.1	h1:b0/UzAf9yR5rhf3RPm9gf3ehBPpf0oZKIjtpKrx59Ho=
	dep	github.com/go-jose/go-jose/v4	v4.1.4	h1:moDMcTHmvE6Groj34emNPLs/qtYXRVcd6S7NHbHz3kA=
	dep	github.com/go-logr/logr	v1.4.4	h1:tG4xh9yMsRCAiodLVTxyrkzSZ9+o0L1Kg/+cPVcbP/8=
	dep	github.com/go-logr/stdr	v1.2.2	h1:hSWxHoqTgW2S2qGc0LTAI563KZ5YKYRhT3MFKZMbjag=
	dep	github.com/go-openapi/analysis	v0.25.5	h1:xPYEvTb90o1y0epuiOPAoG4QqahjP3cdp5xNlHeKJRI=
	dep	github.com/go-openapi/errors	v0.22.8	h1:oP7sW7TWc3wFFjrzzj0nI83H2qMBkNjNfSd+XRejk/I=
	dep	github.com/go-openapi/jsonpointer	v1.0.0	h1:kR9tHqY0CtZaOPVFm622dPVNhrvYpwr4uCxgL3h1H8s=
	dep	github.com/go-openapi/jsonreference	v1.0.0	h1:jlmTr6torcd1YgDQvSfNmRtKzYDO4FGBkrAdlAVWnpY=
	dep	github.com/go-openapi/loads	v0.25.0	h1:74Bc2snfaVlsHzwdQj/3gsA9XJz3daXTJVs+4ZaK7jI=
	dep	github.com/go-openapi/runtime	v0.33.0	h1:Dd3Oj2ig+WH8ckK95l0Wn2V8a4bH/UqWPRZVT0vc8yU=
	dep	github.com/go-openapi/runtime/server-middleware	v0.30.0	h1:8rPoJ/xv7JL8BsovaqboKETlpWBArVh8n+0L/GyePog=
	dep	github.com/go-openapi/spec	v0.22.9	h1:/vKIFDcGKp0ktZWGbym/tJEWbk6/XOEmAVU0kqKMH+w=
	dep	github.com/go-openapi/strfmt	v0.27.0	h1:kbcTeaD9TXuXD0hhMXzuYa1sdTo6+dWGvwjW93E80IM=
	dep	github.com/go-openapi/swag	v0.26.1	h1:l5sVEyVpwj+DDYeZyo7wQI/Ebn/mKYIyGB/pFwAfGoQ=
	dep	github.com/go-openapi/swag/cmdutils	v0.27.0	h1:aIKiqhB29AaP+7xm8/CPg3uOpeHx2SUp6TvMpu/a31Y=
	dep	github.com/go-openapi/swag/conv	v0.27.3	h1:iqJFmGEjmX3AY0lSszABFqRVqOSt99XS0LzNIMJYuhU=
	dep	github.com/go-openapi/swag/fileutils	v0.27.3	h1:3UVoZ2RLaIs1lt+2jcKzL8RM3Yk0rmsDE9FLA/HGxFE=
	dep	github.com/go-openapi/swag/jsonname	v0.26.1	h1:VReupaV6WxlAsCn0e4DUfgV6bPmINnPpyJDLqSfNPcE=
	dep	github.com/go-openapi/swag/jsonutils	v0.27.3	h1:1DEz+O82frtSMBcos/7XIn1GnpNTbsD4Bru4Dc/uhRc=
	dep	github.com/go-openapi/swag/loading	v0.27.3	h1:L9nQkEgzU7QgFQL+pLEMfGUKxeM4pWwGwbET9Z3weW0=
	dep	github.com/go-openapi/swag/mangling	v0.27.3	h1:gRzzD1PAUoLTtGMgI3KpBmCSOlTuLTFWnviLxLcTnyg=
	dep	github.com/go-openapi/swag/netutils	v0.27.0	h1:lEUG+hHvPvLggB3A8snFk0IRKNf9uC0YKc+7WYqvAF8=
	dep	github.com/go-openapi/swag/pools	v0.27.3	h1:gXjImP3F6/56wRRcFgEPld084Y6u2gs21ikPBt8NKBk=
	dep	github.com/go-openapi/swag/stringutils	v0.27.3	h1:Ru28hnbAvN5wycALQYy8IobHvASq+FUFMlp1QzLM0JI=
	dep	github.com/go-openapi/swag/typeutils	v0.27.3	h1:l6SSrx5eR5/WVwrGNzN6bQ9WqL04mrxNBl9YgQ3rcJ4=
	dep	github.com/go-openapi/swag/yamlutils	v0.27.3	h1:cRFCAoYtslYn9L9T0xWryHy1t7c1MACC+DMj3CLvwvs=
	dep	github.com/go-openapi/validate	v0.26.1	h1:pZSbvtRO8G2R2FpWTYRn3w8LrsNwbtaVhP2dWiBa0Us=
	dep	github.com/go-viper/mapstructure/v2	v2.5.0	h1:vM5IJoUAy3d7zRSVtIwQgBj7BiWtMPfmPEgAXnvj1Ro=
	dep	github.com/goccy/go-yaml	v1.19.2	h1:PmFC1S6h8ljIz6gMRBopkjP1TVT7xuwrButHID66PoM=
	dep	github.com/gofrs/flock	v0.13.0	h1:95JolYOvGMqeH31+FC7D2+uULf6mG61mEZ/A8dRYMzw=
	dep	github.com/golang-jwt/jwt/v5	v5.3.1	h1:kYf81DTWFe7t+1VvL7eS+jKFVWaUnK9cB1qbwn63YCY=
	dep	github.com/google/certificate-transparency-go	v1.3.3	h1:hq/rSxztSkXN2tx/3jQqF6Xc0O565UQPdHrOWvZwybo=
	dep	github.com/google/go-cmp	v0.7.0	h1:wk8382ETsv4JYUZwIsn6YpYiWiBsYLSJiTsyBybVuN8=
	dep	github.com/google/go-containerregistry	v0.21.7	h1:/vPFuVXDjtFREsVArW+0h1CIl5urnOhzei4X2DMW9IU=
	dep	github.com/google/s2a-go	v0.1.9	h1:LGD7gtMgezd8a/Xak7mEWL0PjoTQFvpRudN895yqKW0=
	dep	github.com/google/uuid	v1.6.0	h1:NIvaJDMOsjHA8n1jAhLSgzrAzy1Hgr+hNrb57e+94F0=
	dep	github.com/googleapis/enterprise-certificate-proxy	v0.3.20	h1:t/xL64VUoN69MuMRQuJETqYGOw4Z9mSRJK9epIEtwFk=
	dep	github.com/googleapis/gax-go/v2	v2.23.0	h1:Tchl7qkvE7Ip3y+ztvNufYFvkfqTe7NfLTYGIdJRLuE=
	dep	github.com/gorilla/websocket	v1.5.3	h1:saDtZ6Pbx/0u+bgYQ3q96pZgCzfhKXGPqt7kZ72aNNg=
	dep	github.com/grpc-ecosystem/grpc-gateway/v2	v2.29.0	h1:5VipnvEpbqr2gA2VbM+nYVbkIF28c5ZQfqCBQ5g2xfk=
	dep	github.com/hashicorp/errwrap	v1.1.0	h1:OxrOeh75EUXMY8TBjag2fzXGZ40LB6IKw45YeGUDY2I=
	dep	github.com/hashicorp/go-cleanhttp	v0.5.2	h1:035FKYIWjmULyFRBKPs8TBQoi0x6d9G4xc9neXJWAZQ=
	dep	github.com/hashicorp/go-multierror	v1.1.1	h1:H5DkEtf6CXdFp0N0Em5UCwQpXMWke8IA0+lD48awMYo=
	dep	github.com/hashicorp/go-retryablehttp	v0.7.8	h1:ylXZWnqa7Lhqpk0L1P1LzDtGcCR0rPVUrx/c8Unxc48=
	dep	github.com/hashicorp/go-rootcerts	v1.0.2	h1:jzhAVGtqPKbwpyCPELlgNWhE1znq+qwJtW5Oi2viEzc=
	dep	github.com/hashicorp/go-secure-stdlib/parseutil	v0.2.0	h1:U+kC2dOhMFQctRfhK0gRctKAPTloZdMU5ZJxaesJ/VM=
	dep	github.com/hashicorp/go-secure-stdlib/strutil	v0.1.2	h1:kes8mmyCpxJsI7FTwtzRqEy9CdjCtrXrXGuOpxEA7Ts=
	dep	github.com/hashicorp/go-sockaddr	v1.0.7	h1:G+pTkSO01HpR5qCxg7lxfsFEZaG+C0VssTy/9dbT+Fw=
	dep	github.com/hashicorp/hcl	v1.0.1-vault-7	h1:ag5OxFVy3QYTFTJODRzTKVZ6xvdfLLCA1cy/Y6xGI0I=
	dep	github.com/hashicorp/vault/api	v1.23.0	h1:gXgluBsSECfRWTSW9niY2jwg2e9mMJc4WoHNv4g3h6A=
	dep	github.com/in-toto/attestation	v1.2.0	h1:aPRUZ3azbqD7yEBD5fP3TD8Dszf+YHo284SOcpahjQk=
	dep	github.com/in-toto/in-toto-golang	v0.11.0	h1:nfidMYBFx+E0lnmX5KUnN2Pdm8zdNKal1ayjJuzzRoA=
	dep	github.com/joho/godotenv	v1.5.1	h1:7eLL/+HRGLY0ldzfGMeQkb7vMd0as4CfYvUVzLqw0N0=
	dep	github.com/kylelemons/godebug	v1.1.0	h1:RPNrshWIDI6G2gRW9EHilWtl7Z6Sb1BR0xunSBf0SNc=
	dep	github.com/mattn/go-colorable	v0.1.15	h1:+u9SLTRGnXv73cEsnsmoZBom+dMU88B2M0aDcWy0/jY=
	dep	github.com/mattn/go-isatty	v0.0.24	h1:tGZZoVgT/KiqK1c8ocVLeDS8BSWMRd47J3Lbz7vsReI=
	dep	github.com/mattn/go-runewidth	v0.0.19	h1:v++JhqYnZuu5jSKrk9RbgF5v4CGUjqRfBm05byFGLdw=
	dep	github.com/mitchellh/go-homedir	v1.1.0	h1:lukF9ziXFxDFPkA1vsr5zpc1XuPDn/wFntq5mG+4E0Y=
	dep	github.com/mitchellh/mapstructure	v1.5.0	h1:jeMsZIYE/09sWLaz43PL7Gy6RuMjD2eJVyuac5Z2hdY=
	dep	github.com/oklog/ulid/v2	v2.1.1	h1:suPZ4ARWLOJLegGFiZZ1dFAkqzhMjL3J1TzI+5wHz8s=
	dep	github.com/olekukonko/cat	v0.0.0-20250911104152-50322a0618f6	h1:zrbMGy9YXpIeTnGj4EljqMiZsIcE09mmF8XsD5AYOJc=
	dep	github.com/olekukonko/errors	v1.2.0	h1:10Zcn4GeV59t/EGqJc8fUjtFT/FuUh5bTMzZ1XwmCRo=
	dep	github.com/olekukonko/ll	v0.1.6	h1:lGVTHO+Qc4Qm+fce/2h2m5y9LvqaW+DCN7xW9hsU3uA=
	dep	github.com/olekukonko/tablewriter	v1.1.4	h1:ORUMI3dXbMnRlRggJX3+q7OzQFDdvgbN9nVWj1drm6I=
	dep	github.com/openbao/openbao/api/v2	v2.6.0	h1:KvfspAaL9bab9hI8jFYkV2cgtSrwWtaG+k9AUTHWU4M=
	dep	github.com/opencontainers/go-digest	v1.0.0	h1:apOUWs51W5PlhuyGyz9FCeeBIOUDA/6nW8Oi/yOhh5U=
	dep	github.com/patrickmn/go-cache	v2.1.0+incompatible	h1:HRMgzkcYKYpi3C8ajMPV8OFXaaRUnok+kx1WdO15EQc=
	dep	github.com/pelletier/go-toml/v2	v2.2.4	h1:mye9XuhQ6gvn5h28+VilKrrPoQVanw5PMw/TB0t5Ec4=
	dep	github.com/pkg/browser	v0.0.0-20240102092130-5ac0b6a4141c	h1:+mdjkGKdHQG3305AYmdv1U2eRNDiU2ErMBj1gwrq8eQ=
	dep	github.com/pkg/errors	v0.9.1	h1:FEBLx1zS214owpjy7qsBeixbURkuhQAwrK5UwLGTwt4=
	dep	github.com/rs/zerolog	v1.35.1	h1:m7xQeoiLIiV0BCEY4Hs+j2NG4Gp2o2KPKmhnnLiazKI=
	dep	github.com/russross/blackfriday/v2	v2.1.0	h1:JIOH55/0cWyOuilr9/qlrm0BSXldqnqwMsf35Ld67mk=
	dep	github.com/ryanuber/go-glob	v1.0.0	h1:iQh3xXAumdQ+4Ufa5b25cRpC5TYKlno6hsv6Cb3pkBk=
	dep	github.com/sagikazarmark/locafero	v0.11.0	h1:1iurJgmM9G3PA/I+wWYIOw/5SyBtxapeHDcg+AAIFXc=
	dep	github.com/secure-systems-lab/go-securesystemslib	v0.11.0	h1:iuCR9kcMFD4QurdKrGvPLoKZLv9YvwPYVr0473BdtFs=
	dep	github.com/shibumi/go-pathspec	v1.3.0	h1:QUyMZhFo0Md5B8zV8x2tesohbb5kfbpTi9rBnKh5dkI=
	dep	github.com/sigstore/protobuf-specs	v0.5.1	h1:/5OPaNuolRJmQfeZLayJGFXMpsRJEdgC6ah1/+7Px7U=
	dep	github.com/sigstore/rekor	v1.5.3	h1:0Tyolw3zreRgm7PUW8dccFLXGBThi08278jI8EXNSr4=
	dep	github.com/sigstore/rekor-tiles/v2	v2.2.2-0.20260601073857-5d098a2b6443	h1:/CO8F6m3Bo/f59bZo5dv1sTIfUnQqVnepIdDV24KoDw=
	dep	github.com/sigstore/sigstore	v1.10.8	h1:1Mgkxvkw4AXMfIP1DOjc6kw0GkUgA8pGVpveN/EfOq4=
	dep	github.com/sigstore/sigstore-go	v1.2.1	h1:YWP/rDbBaEBvtbkj6xtwsSj38ZCFEhTVVadNOXjVe3A=
	dep	github.com/sigstore/timestamp-authority/v2	v2.1.3	h1:Fc+LjCTfik1lh3YLkaosENfkXa3R2Y1nswiUKutBdFA=
	dep	github.com/sourcegraph/conc	v0.3.1-0.20240121214520-5f936abd7ae8	h1:+jumHNA0Wrelhe64i8F6HNlS8pkoyMv5sreGx2Ry5Rw=
	dep	github.com/spf13/afero	v1.15.0	h1:b/YBCLWAJdFWJTN9cLhiXXcD7mzKn9Dm86dNnfyQw1I=
	dep	github.com/spf13/cast	v1.10.0	h1:h2x0u2shc1QuLHfxi+cTJvs30+ZAHOGRic8uyGTDWxY=
	dep	github.com/spf13/cobra	v1.10.2	h1:DMTTonx5m65Ic0GOoRY2c16WCbHxOOw6xxezuLaBpcU=
	dep	github.com/spf13/pflag	v1.0.10	h1:4EBh2KAYBwaONj6b2Ye1GiHfwjqyROoF4RwYO+vPwFk=
	dep	github.com/spf13/viper	v1.21.0	h1:x5S+0EU27Lbphp4UKm1C+1oQO+rKx36vfCoaVebLFSU=
	dep	github.com/subosito/gotenv	v1.6.0	h1:9NlTDc1FTs4qu0DDq7AEtTPNw6SVm7uBMsUCUjABIf8=
	dep	github.com/theupdateframework/go-tuf/v2	v2.4.2	h1:w7976/W8uTwlsegP5nRymlpjPgrwSh+AXUf85is6nJk=
	dep	github.com/transparency-dev/formats	v0.1.1	h1:4bVHJc+KdBgpA1OJD1yjI+g0i5Z1graCppTMH8lWKJI=
	dep	github.com/transparency-dev/merkle	v0.0.2	h1:Q9nBoQcZcgPamMkGn7ghV8XiTZ/kRxn1yCG81+twTK4=
	dep	github.com/youmark/pkcs8	v0.0.0-20240726163527-a2c0da244d78	h1:ilQV1hzziu+LLM3zUTJ0trRztfwgjqKnBWNtSRkbmwM=
	dep	go.opentelemetry.io/auto/sdk	v1.2.1	h1:jXsnJ4Lmnqd11kwkBV2LgLoFMZKizbCi5fNZ/ipaZ64=
	dep	go.opentelemetry.io/contrib/instrumentation/google.golang.org/grpc/otelgrpc	v0.67.0	h1:yI1/OhfEPy7J9eoa6Sj051C7n5dvpj0QX8g4sRchg04=
	dep	go.opentelemetry.io/contrib/instrumentation/net/http/otelhttp	v0.70.0	h1:LMuyCAyfalSjDyjdC65nK6N0zoTT63+E/u95X0JovZI=
	dep	go.opentelemetry.io/otel	v1.45.0	h1:pdrWmLHofpubmArBv1LgFSv1Z0Ie/ppdZzu+kUN5EeU=
	dep	go.opentelemetry.io/otel/metric	v1.45.0	h1:7Eg1uH7CJ5cXv9is6tnBe1FI6rj1nwUdbFypRm3br/M=
	dep	go.opentelemetry.io/otel/trace	v1.45.0	h1:l/mP6Uv7oNO7/TblbhpbgMidxhq1uO/rPsikOyVhxag=
	dep	go.yaml.in/yaml/v3	v3.0.5	h1:N6y/pJk8buWs9NY5ERU2HSMfm+IuD/OtfdAnq6kESPw=
	dep	golang.org/x/crypto	v0.55.0	h1:+KWHjbgOaAQ66dh/YlkZKHlz9ZUlq61AFirAR9ntP8M=
	dep	golang.org/x/mod	v0.40.0	h1:hUv+3cXcdRHz08UmSiOob7sadHig73uo5bkXxQ/tvUs=
	dep	golang.org/x/net	v0.58.0	h1:ynWG7rqYi4ccpTEuPZ2QGWHktVEM9DMCj9yzDE0Q7To=
	dep	golang.org/x/oauth2	v0.36.0	h1:peZ/1z27fi9hUOFCAZaHyrpWG5lwe0RJEEEeH0ThlIs=
	dep	golang.org/x/sync	v0.22.0	h1:SZjpbeLmrCk4xhRSZFNZW5gFUeCeFgjekvI/+gfScek=
	dep	golang.org/x/sys	v0.47.0	h1:o7XGOvZQCADBQQ4Y7VNq2dRWQR7JmOUW8Kxx4ZsNgWs=
	dep	golang.org/x/term	v0.45.0	h1:NwWyBmoJCbfTHpxrWoZ9C6/VxOf7ic219I8xZZFdrf0=
	dep	golang.org/x/text	v0.41.0	h1:vz/seA0lnX87Othu2f/0L24RcgrXD9/YFTSuGjj3rH8=
	dep	golang.org/x/time	v0.15.0	h1:bbrp8t3bGUeFOx08pvsMYRTCVSMk89u4tKbNOZbp88U=
	dep	google.golang.org/api	v0.292.0	h1:Ewiwo/GTtiaPZSNAZQUcWLh8AYDEoPmIXyJfeoTSMHU=
	dep	google.golang.org/genai	v1.68.0	h1:gmALuBU6mRy46wupEt20wBR1dYAMY13t/jkTxpdzhzE=
	dep	google.golang.org/genproto	v0.0.0-20260319201613-d00831a3d3e7	h1:XzmzkmB14QhVhgnawEVsOn6OFsnpyxNPRY9QV01dNB0=
	dep	google.golang.org/genproto/googleapis/api	v0.0.0-20260630182238-925bb5da69e7	h1:jQ9p21COKWjP3VwuFrNRiiOTMh3mPpN45R7SLrH/HUU=
	dep	google.golang.org/genproto/googleapis/rpc	v0.0.0-20260807164820-c8921c73eeea	h1:kVhQEPTpKQahD5+JSBTfBB19wcgQTTjAIn45MBqnyHk=
	dep	google.golang.org/grpc	v1.83.1	h1:HIO0+BEtBP6soyqvqC8sNUjZ7bTs+0hFQuFF+RAy++Y=
	dep	google.golang.org/protobuf	v1.36.11	h1:fV6ZwhNocDyBLK0dj+fg8ektcVegBBuEolpbTQyBNVE=
	dep	k8s.io/klog/v2	v2.140.0	h1:Tf+J3AH7xnUzZyVVXhTgGhEKnFqye14aadWv7bzXdzc=
	build	-buildmode=exe
	build	-compiler=gc
	build	DefaultGODEBUG=cryptocustomrand=1,tlssecpmlkem=0,urlstrictcolons=0
	build	CGO_ENABLED=1
	build	CGO_CFLAGS=
	build	CGO_CPPFLAGS=
	build	CGO_CXXFLAGS=
	build	CGO_LDFLAGS=
	build	GOARCH=arm64
	build	GOOS=darwin
	build	GOARM64=v8.0
