[0;34mChecking if documentation is up to date...[0m 
Checking ./pkg/catalogs...
Checking ./pkg/catalogs/evidence...
Checking ./pkg/catalogs/storage...
Checking ./pkg/catalogs/storage/s3...
Checking ./pkg/catalogs/artifact...
Checking ./pkg/catalogs/authority...
Checking ./pkg/catalogs/projection...
Checking ./pkg/catalogs/remote...
Checking ./pkg/sources...
Checking ./pkg/sources/payload...
Checking ./pkg/errors...
Checking ./pkg/logging...
Checking ./internal/transport...
Checking ./internal/providers/clients...
Checking ./internal/catalog/reconciler...
Checking ./internal/server...
Checking ./internal/server/middleware...
Checking ./internal/server/sse...
Checking ./internal/server/response...
Checking ./internal/server/cache...
Checking ./internal/server/params...
Checking ./internal/server/handlers...
Checking ./internal/cli/convert...
Checking ./internal/sources/providers...
Checking ./internal/sources/local...
Checking ./internal/sources/modelsdev...
Checking ./internal/embedded...
Checking ./internal/embedded/openapi...
Checking ./server...
Checking ./remote...
Checking ./runtime...
Checking ./runtime/source...
Checking ./runtime/status...
[0;32mAll documentation is up to date[0m 
