badger 2026/09/19 00:52:05 INFO: All 0 tables opened in 0s
badger 2026/09/19 00:52:05 INFO: Discard stats nextEmptySlot: 0
badger 2026/09/19 00:52:05 INFO: Set nextTxnTs to 0
badger 2026/09/19 00:52:20 INFO: Lifetime L0 stalled for: 0s
badger 2026/09/19 00:52:20 INFO: 
Level 0 [ ]: NumTables: 01. Size: 1.4 MiB of 0 B. Score: 0.00->0.00 StaleData: 0 B Target FileSize: 64 MiB
Level 1 [ ]: NumTables: 00. Size: 0 B of 10 MiB. Score: 0.00->0.00 StaleData: 0 B Target FileSize: 2.0 MiB
Level 2 [ ]: NumTables: 00. Size: 0 B of 10 MiB. Score: 0.00->0.00 StaleData: 0 B Target FileSize: 2.0 MiB
Level 3 [ ]: NumTables: 00. Size: 0 B of 10 MiB. Score: 0.00->0.00 StaleData: 0 B Target FileSize: 2.0 MiB
Level 4 [ ]: NumTables: 00. Size: 0 B of 10 MiB. Score: 0.00->0.00 StaleData: 0 B Target FileSize: 2.0 MiB
Level 5 [ ]: NumTables: 00. Size: 0 B of 10 MiB. Score: 0.00->0.00 StaleData: 0 B Target FileSize: 2.0 MiB
Level 6 [B]: NumTables: 00. Size: 0 B of 10 MiB. Score: 0.00->0.00 StaleData: 0 B Target FileSize: 2.0 MiB
Level Done
badger 2026/09/19 00:52:20 INFO: All 1 tables opened in 0s
badger 2026/09/19 00:52:20 INFO: Discard stats nextEmptySlot: 0
badger 2026/09/19 00:52:20 INFO: Set nextTxnTs to 19
badger 2026/09/19 00:52:20 INFO: Lifetime L0 stalled for: 0s
badger 2026/09/19 00:52:20 INFO: 
Level 0 [ ]: NumTables: 02. Size: 1.4 MiB of 0 B. Score: 0.00->0.00 StaleData: 0 B Target FileSize: 64 MiB
Level 1 [ ]: NumTables: 00. Size: 0 B of 10 MiB. Score: 0.00->0.00 StaleData: 0 B Target FileSize: 2.0 MiB
Level 2 [ ]: NumTables: 00. Size: 0 B of 10 MiB. Score: 0.00->0.00 StaleData: 0 B Target FileSize: 2.0 MiB
Level 3 [ ]: NumTables: 00. Size: 0 B of 10 MiB. Score: 0.00->0.00 StaleData: 0 B Target FileSize: 2.0 MiB
Level 4 [ ]: NumTables: 00. Size: 0 B of 10 MiB. Score: 0.00->0.00 StaleData: 0 B Target FileSize: 2.0 MiB
Level 5 [ ]: NumTables: 00. Size: 0 B of 10 MiB. Score: 0.00->0.00 StaleData: 0 B Target FileSize: 2.0 MiB
Level 6 [B]: NumTables: 00. Size: 0 B of 10 MiB. Score: 0.00->0.00 StaleData: 0 B Target FileSize: 2.0 MiB
Level Done
--- FAIL: TestGenerationPinBlocksAcquisitionAcrossRestart (15.10s)
    offline_acquisition_test.go:227: 
        	Error Trace:	/Users/jack/src/github.com/agentstation/starport-product-paths/internal/catalog/offline_acquisition_test.go:227
        	Error:      	An error is expected but got nil.
        	Test:       	TestGenerationPinBlocksAcquisitionAcrossRestart
        	Messages:   	a newer shared-store candidate must not bypass the local generation pin
FAIL
FAIL	github.com/agentstation/starport/internal/catalog	15.684s
FAIL
