2026-09-27T01:23:22.5172270Z Current runner version: '2.337.0'
2026-09-27T01:23:22.5187360Z ##[group]Runner Image Provisioner
2026-09-27T01:23:22.5187970Z Hosted Compute Agent
2026-09-27T01:23:22.5188420Z Version: 20260828.587
2026-09-27T01:23:22.5188910Z Commit: abac92662cab4cc7352de4f9f9d2e2419aad9c29
2026-09-27T01:23:22.5189460Z Build Date: 2026-08-28T16:44:25Z
2026-09-27T01:23:22.5189920Z Worker ID: {1e46579e-e5f4-4713-9967-8cc218585a2e}
2026-09-27T01:23:22.5190440Z Azure Region: westus
2026-09-27T01:23:22.5190840Z ##[endgroup]
2026-09-27T01:23:22.5192010Z ##[group]Operating System
2026-09-27T01:23:22.5192400Z macOS
2026-09-27T01:23:22.5192820Z 15.7.9
2026-09-27T01:23:22.5193350Z 24G830
2026-09-27T01:23:22.5193720Z ##[endgroup]
2026-09-27T01:23:22.5197920Z ##[group]Runner Image
2026-09-27T01:23:22.5198580Z Image: macos-15-arm64
2026-09-27T01:23:22.5199130Z Version: 20260907.0337.1
2026-09-27T01:23:22.5200120Z Included Software: https://github.com/actions/runner-images/blob/macos-15-arm64/20260907.0337/images/macos/macos-15-arm64-Readme.md
2026-09-27T01:23:22.5201630Z Image Release: https://github.com/actions/runner-images/releases/tag/macos-15-arm64%2F20260907.0337
2026-09-27T01:23:22.5202360Z ##[endgroup]
2026-09-27T01:23:22.5203320Z ##[group]GITHUB_TOKEN Permissions
2026-09-27T01:23:22.5204990Z Contents: read
2026-09-27T01:23:22.5205540Z Metadata: read
2026-09-27T01:23:22.5206010Z ##[endgroup]
2026-09-27T01:23:22.5207630Z Secret source: Actions
2026-09-27T01:23:22.5208360Z Cache mode: write
2026-09-27T01:23:22.5208940Z Prepare workflow directory
2026-09-27T01:23:22.5529970Z Prepare all required actions
2026-09-27T01:23:22.5564580Z Getting action download info
2026-09-27T01:23:22.7624480Z Download action repository 'actions/checkout@3d3c42e5aac5ba805825da76410c181273ba90b1' (SHA:3d3c42e5aac5ba805825da76410c181273ba90b1)
2026-09-27T01:23:23.0077760Z Download action repository 'actions/setup-go@b7ad1dad31e06c5925ef5d2fc7ad053ef454303e' (SHA:b7ad1dad31e06c5925ef5d2fc7ad053ef454303e)
2026-09-27T01:23:23.8530690Z Download action repository 'oven-sh/setup-bun@0c5077e51419868618aeaa5fe8019c62421857d6' (SHA:0c5077e51419868618aeaa5fe8019c62421857d6)
2026-09-27T01:23:24.5160350Z Download action repository 'actions/upload-artifact@043fb46d1a93c77aae656e7c1c64a875d1fc6a0a' (SHA:043fb46d1a93c77aae656e7c1c64a875d1fc6a0a)
2026-09-27T01:23:24.7200990Z Complete job name: Runtime macos-15
2026-09-27T01:23:24.8114220Z ##[group]Run actions/checkout@3d3c42e5aac5ba805825da76410c181273ba90b1
2026-09-27T01:23:24.8115290Z with:
2026-09-27T01:23:24.8115800Z   persist-credentials: false
2026-09-27T01:23:24.8116450Z   repository: agentstation/starmap
2026-09-27T01:23:24.8123330Z   token: ***
2026-09-27T01:23:24.8123950Z   ssh-strict: true
2026-09-27T01:23:24.8124450Z   ssh-user: git
2026-09-27T01:23:24.8124980Z   clean: true
2026-09-27T01:23:24.8125540Z   sparse-checkout-cone-mode: true
2026-09-27T01:23:24.8126150Z   fetch-depth: 1
2026-09-27T01:23:24.8126680Z   fetch-tags: false
2026-09-27T01:23:24.8127200Z   show-progress: true
2026-09-27T01:23:24.8128090Z   lfs: false
2026-09-27T01:23:24.8129010Z   submodules: false
2026-09-27T01:23:24.8129840Z   set-safe-directory: true
2026-09-27T01:23:24.8130440Z   allow-unsafe-pr-checkout: false
2026-09-27T01:23:24.8131460Z env:
2026-09-27T01:23:24.8131980Z   GOTOOLCHAIN: local
2026-09-27T01:23:24.8132480Z   CGO_ENABLED: 0
2026-09-27T01:23:24.8133080Z   CATALOG_GIT_FIXTURE_REQUIRED: 1
2026-09-27T01:23:24.8133690Z   STARMAP_PUBLIC_FIXTURE_REQUIRED: 1
2026-09-27T01:23:24.8134350Z ##[endgroup]
2026-09-27T01:23:25.3139260Z Syncing repository: agentstation/starmap
2026-09-27T01:23:25.3144440Z ##[group]Getting Git version info
2026-09-27T01:23:25.3146840Z Working directory is '/Users/runner/work/starmap/starmap'
2026-09-27T01:23:25.3150210Z [command]/opt/homebrew/bin/git version
2026-09-27T01:23:25.3810710Z git version 2.55.0
2026-09-27T01:23:25.3825320Z ##[endgroup]
2026-09-27T01:23:25.3832770Z Copying '/Users/runner/.gitconfig' to '/Users/runner/work/_temp/6440dff9-a755-4137-b8b7-c68362bc5669/.gitconfig'
2026-09-27T01:23:25.3847070Z Temporarily overriding HOME='/Users/runner/work/_temp/6440dff9-a755-4137-b8b7-c68362bc5669' before making global git config changes
2026-09-27T01:23:25.3884290Z Adding repository directory to the temporary git global config as a safe directory
2026-09-27T01:23:25.3896120Z [command]/opt/homebrew/bin/git config --global --add safe.directory /Users/runner/work/starmap/starmap
2026-09-27T01:23:25.4113250Z Deleting the contents of '/Users/runner/work/starmap/starmap'
2026-09-27T01:23:25.4165250Z ##[group]Determining repository object format
2026-09-27T01:23:25.4181280Z ##[endgroup]
2026-09-27T01:23:25.4191910Z ##[group]Initializing the repository
2026-09-27T01:23:25.4193510Z [command]/opt/homebrew/bin/git init /Users/runner/work/starmap/starmap
2026-09-27T01:23:25.4585130Z hint: Using 'master' as the name for the initial branch. This default branch name
2026-09-27T01:23:25.4588350Z hint: will change to "main" in Git 3.0. To configure the initial branch name
2026-09-27T01:23:25.4589910Z hint: to use in all of your new repositories, which will suppress this warning,
2026-09-27T01:23:25.4591690Z hint: call:
2026-09-27T01:23:25.4592450Z hint:
2026-09-27T01:23:25.4593440Z hint: 	git config --global init.defaultBranch <name>
2026-09-27T01:23:25.4594440Z hint:
2026-09-27T01:23:25.4596270Z hint: Names commonly chosen instead of 'master' are 'main', 'trunk' and
2026-09-27T01:23:25.4597820Z hint: 'development'. The just-created branch can be renamed via this command:
2026-09-27T01:23:25.4599810Z hint:
2026-09-27T01:23:25.4600610Z hint: 	git branch -m <name>
2026-09-27T01:23:25.4601490Z hint:
2026-09-27T01:23:25.4602830Z hint: Disable this message with "git config set advice.defaultBranchName false"
2026-09-27T01:23:25.4604670Z Initialized empty Git repository in /Users/runner/work/starmap/starmap/.git/
2026-09-27T01:23:25.4607560Z [command]/opt/homebrew/bin/git remote add origin https://github.com/agentstation/starmap
2026-09-27T01:23:25.4667330Z ##[endgroup]
2026-09-27T01:23:25.4668930Z ##[group]Disabling automatic garbage collection
2026-09-27T01:23:25.4670210Z [command]/opt/homebrew/bin/git config --local gc.auto 0
2026-09-27T01:23:25.4728880Z ##[endgroup]
2026-09-27T01:23:25.4730000Z ##[group]Setting up auth
2026-09-27T01:23:25.4731210Z Removing SSH command configuration
2026-09-27T01:23:25.4736290Z [command]/opt/homebrew/bin/git config --local --name-only --get-regexp core\.sshCommand
2026-09-27T01:23:25.4797390Z [command]/opt/homebrew/bin/git submodule foreach --recursive sh -c "git config --local --name-only --get-regexp 'core\.sshCommand' && git config --local --unset-all 'core.sshCommand' || :"
2026-09-27T01:23:25.5707950Z Removing HTTP extra header
2026-09-27T01:23:25.5711030Z [command]/opt/homebrew/bin/git config --local --name-only --get-regexp http\.https\:\/\/github\.com\/\.extraheader
2026-09-27T01:23:25.5789750Z [command]/opt/homebrew/bin/git submodule foreach --recursive sh -c "git config --local --name-only --get-regexp 'http\.https\:\/\/github\.com\/\.extraheader' && git config --local --unset-all 'http.https://github.com/.extraheader' || :"
2026-09-27T01:23:25.6991870Z Removing includeIf entries pointing to credentials config files
2026-09-27T01:23:25.7092170Z [command]/opt/homebrew/bin/git config --local --name-only --get-regexp ^includeIf\.gitdir:
2026-09-27T01:23:25.7398100Z [command]/opt/homebrew/bin/git submodule foreach --recursive git config --local --show-origin --name-only --get-regexp remote.origin.url
2026-09-27T01:23:25.8722130Z [command]/opt/homebrew/bin/git config --file /Users/runner/work/_temp/git-credentials-83c2c4aa-7ad7-43fa-8933-bf93e402f37b.config http.https://github.com/.extraheader AUTHORIZATION: basic ***
2026-09-27T01:23:25.8727040Z [command]/opt/homebrew/bin/git config --local includeIf.gitdir:/Users/runner/work/starmap/starmap/.git.path /Users/runner/work/_temp/git-credentials-83c2c4aa-7ad7-43fa-8933-bf93e402f37b.config
2026-09-27T01:23:25.8732540Z [command]/opt/homebrew/bin/git config --local includeIf.gitdir:/Users/runner/work/starmap/starmap/.git/worktrees/*.path /Users/runner/work/_temp/git-credentials-83c2c4aa-7ad7-43fa-8933-bf93e402f37b.config
2026-09-27T01:23:25.8766240Z [command]/opt/homebrew/bin/git config --local includeIf.gitdir:/github/workspace/.git.path /github/runner_temp/git-credentials-83c2c4aa-7ad7-43fa-8933-bf93e402f37b.config
2026-09-27T01:23:25.8832270Z [command]/opt/homebrew/bin/git config --local includeIf.gitdir:/github/workspace/.git/worktrees/*.path /github/runner_temp/git-credentials-83c2c4aa-7ad7-43fa-8933-bf93e402f37b.config
2026-09-27T01:23:25.9031190Z ##[endgroup]
2026-09-27T01:23:25.9039330Z ##[group]Fetching the repository
2026-09-27T01:23:25.9042250Z [command]/opt/homebrew/bin/git -c protocol.version=2 fetch --no-tags --prune --no-recurse-submodules --depth=1 origin +55200f6f34b84661553740cc15a5fbac92846d63:refs/remotes/pull/185/merge
2026-09-27T01:23:31.3568020Z From https://github.com/agentstation/starmap
2026-09-27T01:23:31.3569400Z  * [new ref]         55200f6f34b84661553740cc15a5fbac92846d63 -> pull/185/merge
2026-09-27T01:23:31.3572710Z ##[endgroup]
2026-09-27T01:23:31.3573480Z ##[group]Determining the checkout info
2026-09-27T01:23:31.3599110Z ##[endgroup]
2026-09-27T01:23:31.3599680Z [command]/opt/homebrew/bin/git sparse-checkout disable
2026-09-27T01:23:31.3663450Z [command]/opt/homebrew/bin/git config --local --unset-all extensions.worktreeConfig
2026-09-27T01:23:31.3725010Z ##[group]Checking out the ref
2026-09-27T01:23:31.3732510Z [command]/opt/homebrew/bin/git checkout --progress --force refs/remotes/pull/185/merge
2026-09-27T01:23:32.4384120Z Updating files:  63% (3404/5320)
2026-09-27T01:23:32.5806970Z Updating files:  64% (3405/5320)
2026-09-27T01:23:32.5908320Z Updating files:  65% (3458/5320)
2026-09-27T01:23:32.6008760Z Updating files:  66% (3512/5320)
2026-09-27T01:23:32.6110680Z Updating files:  67% (3565/5320)
2026-09-27T01:23:32.6214580Z Updating files:  68% (3618/5320)
2026-09-27T01:23:32.6312560Z Updating files:  69% (3671/5320)
2026-09-27T01:23:32.6395300Z Updating files:  70% (3724/5320)
2026-09-27T01:23:32.6438460Z Updating files:  71% (3778/5320)
2026-09-27T01:23:32.6466050Z Updating files:  72% (3831/5320)
2026-09-27T01:23:32.6467030Z Updating files:  73% (3884/5320)
2026-09-27T01:23:32.6467560Z Updating files:  74% (3937/5320)
2026-09-27T01:23:32.6467990Z Updating files:  75% (3990/5320)
2026-09-27T01:23:32.6589230Z Updating files:  76% (4044/5320)
2026-09-27T01:23:32.6668810Z Updating files:  77% (4097/5320)
2026-09-27T01:23:32.6717980Z Updating files:  78% (4150/5320)
2026-09-27T01:23:32.6781090Z Updating files:  79% (4203/5320)
2026-09-27T01:23:32.6844080Z Updating files:  80% (4256/5320)
2026-09-27T01:23:32.6908370Z Updating files:  81% (4310/5320)
2026-09-27T01:23:32.6980150Z Updating files:  82% (4363/5320)
2026-09-27T01:23:32.7030830Z Updating files:  83% (4416/5320)
2026-09-27T01:23:32.7082260Z Updating files:  84% (4469/5320)
2026-09-27T01:23:32.7126390Z Updating files:  85% (4522/5320)
2026-09-27T01:23:32.7170580Z Updating files:  86% (4576/5320)
2026-09-27T01:23:32.7239290Z Updating files:  87% (4629/5320)
2026-09-27T01:23:32.7286960Z Updating files:  88% (4682/5320)
2026-09-27T01:23:32.7333140Z Updating files:  89% (4735/5320)
2026-09-27T01:23:32.7390590Z Updating files:  90% (4788/5320)
2026-09-27T01:23:32.7455240Z Updating files:  91% (4842/5320)
2026-09-27T01:23:32.7510090Z Updating files:  92% (4895/5320)
2026-09-27T01:23:32.7557160Z Updating files:  93% (4948/5320)
2026-09-27T01:23:32.7602590Z Updating files:  94% (5001/5320)
2026-09-27T01:23:32.7647190Z Updating files:  95% (5054/5320)
2026-09-27T01:23:32.7693580Z Updating files:  96% (5108/5320)
2026-09-27T01:23:32.7755020Z Updating files:  97% (5161/5320)
2026-09-27T01:23:32.7807540Z Updating files:  98% (5214/5320)
2026-09-27T01:23:32.7849900Z Updating files:  99% (5267/5320)
2026-09-27T01:23:32.7850190Z Updating files: 100% (5320/5320)
2026-09-27T01:23:32.7850460Z Updating files: 100% (5320/5320), done.
2026-09-27T01:23:32.7921460Z HEAD is now at 55200f6 Merge 0f45bbae239381bf6f674e5834409bd4cceec1ef into 8122081e0494648fb1e356647053dd870a05fb1c
2026-09-27T01:23:32.7976640Z ##[endgroup]
2026-09-27T01:23:32.8134220Z [command]/opt/homebrew/bin/git log -1 --format=%H
2026-09-27T01:23:32.8205210Z 55200f6f34b84661553740cc15a5fbac92846d63
2026-09-27T01:23:32.8214010Z ##[group]Removing auth
2026-09-27T01:23:32.8214380Z Removing SSH command configuration
2026-09-27T01:23:32.8217360Z [command]/opt/homebrew/bin/git config --local --name-only --get-regexp core\.sshCommand
2026-09-27T01:23:32.8277620Z [command]/opt/homebrew/bin/git submodule foreach --recursive sh -c "git config --local --name-only --get-regexp 'core\.sshCommand' && git config --local --unset-all 'core.sshCommand' || :"
2026-09-27T01:23:32.9035610Z Removing HTTP extra header
2026-09-27T01:23:32.9038070Z [command]/opt/homebrew/bin/git config --local --name-only --get-regexp http\.https\:\/\/github\.com\/\.extraheader
2026-09-27T01:23:32.9097270Z [command]/opt/homebrew/bin/git submodule foreach --recursive sh -c "git config --local --name-only --get-regexp 'http\.https\:\/\/github\.com\/\.extraheader' && git config --local --unset-all 'http.https://github.com/.extraheader' || :"
2026-09-27T01:23:33.0315780Z Removing includeIf entries pointing to credentials config files
2026-09-27T01:23:33.0408260Z [command]/opt/homebrew/bin/git config --local --name-only --get-regexp ^includeIf\.gitdir:
2026-09-27T01:23:33.0444810Z includeif.gitdir:/Users/runner/work/starmap/starmap/.git.path
2026-09-27T01:23:33.0450670Z includeif.gitdir:/Users/runner/work/starmap/starmap/.git/worktrees/*.path
2026-09-27T01:23:33.0451250Z includeif.gitdir:/github/workspace/.git.path
2026-09-27T01:23:33.0451650Z includeif.gitdir:/github/workspace/.git/worktrees/*.path
2026-09-27T01:23:33.0453050Z [command]/opt/homebrew/bin/git config --local --get-all includeif.gitdir:/Users/runner/work/starmap/starmap/.git.path
2026-09-27T01:23:33.0453780Z /Users/runner/work/_temp/git-credentials-83c2c4aa-7ad7-43fa-8933-bf93e402f37b.config
2026-09-27T01:23:33.0455480Z [command]/opt/homebrew/bin/git config --local --unset includeif.gitdir:/Users/runner/work/starmap/starmap/.git.path \/Users\/runner\/work\/_temp\/git\-credentials\-83c2c4aa\-7ad7\-43fa\-8933\-bf93e402f37b\.config
2026-09-27T01:23:33.0457080Z [command]/opt/homebrew/bin/git config --local --get-all includeif.gitdir:/Users/runner/work/starmap/starmap/.git/worktrees/*.path
2026-09-27T01:23:33.0458810Z /Users/runner/work/_temp/git-credentials-83c2c4aa-7ad7-43fa-8933-bf93e402f37b.config
2026-09-27T01:23:33.0459980Z [command]/opt/homebrew/bin/git config --local --unset includeif.gitdir:/Users/runner/work/starmap/starmap/.git/worktrees/*.path \/Users\/runner\/work\/_temp\/git\-credentials\-83c2c4aa\-7ad7\-43fa\-8933\-bf93e402f37b\.config
2026-09-27T01:23:33.0487450Z [command]/opt/homebrew/bin/git config --local --get-all includeif.gitdir:/github/workspace/.git.path
2026-09-27T01:23:33.0538740Z /github/runner_temp/git-credentials-83c2c4aa-7ad7-43fa-8933-bf93e402f37b.config
2026-09-27T01:23:33.0542970Z [command]/opt/homebrew/bin/git config --local --unset includeif.gitdir:/github/workspace/.git.path \/github\/runner_temp\/git\-credentials\-83c2c4aa\-7ad7\-43fa\-8933\-bf93e402f37b\.config
2026-09-27T01:23:33.0601350Z [command]/opt/homebrew/bin/git config --local --get-all includeif.gitdir:/github/workspace/.git/worktrees/*.path
2026-09-27T01:23:33.0650420Z /github/runner_temp/git-credentials-83c2c4aa-7ad7-43fa-8933-bf93e402f37b.config
2026-09-27T01:23:33.0655290Z [command]/opt/homebrew/bin/git config --local --unset includeif.gitdir:/github/workspace/.git/worktrees/*.path \/github\/runner_temp\/git\-credentials\-83c2c4aa\-7ad7\-43fa\-8933\-bf93e402f37b\.config
2026-09-27T01:23:33.0723000Z [command]/opt/homebrew/bin/git submodule foreach --recursive git config --local --show-origin --name-only --get-regexp remote.origin.url
2026-09-27T01:23:33.1465640Z Removing credentials config '/Users/runner/work/_temp/git-credentials-83c2c4aa-7ad7-43fa-8933-bf93e402f37b.config'
2026-09-27T01:23:33.1474770Z ##[endgroup]
2026-09-27T01:23:33.1766510Z ##[group]Run actions/setup-go@b7ad1dad31e06c5925ef5d2fc7ad053ef454303e
2026-09-27T01:23:33.1766980Z with:
2026-09-27T01:23:33.1767110Z   go-version: 1.27.1
2026-09-27T01:23:33.1767350Z   cache: true
2026-09-27T01:23:33.1767510Z   check-latest: false
2026-09-27T01:23:33.1769660Z   token: ***
2026-09-27T01:23:33.1769910Z env:
2026-09-27T01:23:33.1770140Z   GOTOOLCHAIN: local
2026-09-27T01:23:33.1770340Z   CGO_ENABLED: 0
2026-09-27T01:23:33.1770570Z   CATALOG_GIT_FIXTURE_REQUIRED: 1
2026-09-27T01:23:33.1770790Z   STARMAP_PUBLIC_FIXTURE_REQUIRED: 1
2026-09-27T01:23:33.1770980Z ##[endgroup]
2026-09-27T01:23:33.3157590Z Setup go version spec 1.27.1
2026-09-27T01:23:33.3239900Z Attempting to download 1.27.1...
2026-09-27T01:23:34.3900430Z matching 1.27.1...
2026-09-27T01:23:34.3904820Z Acquiring 1.27.1 from https://github.com/actions/go-versions/releases/download/1.27.1-33583469715/go-1.27.1-darwin-arm64.tar.gz
2026-09-27T01:23:35.2927870Z Extracting Go...
2026-09-27T01:23:35.3050030Z [command]/usr/bin/tar xz -C /Users/runner/work/_temp/01f64be6-2a7e-48cf-8b34-660152e50a23 -f /Users/runner/work/_temp/80e2e4fd-9978-404e-a973-2a9883e91d0b
2026-09-27T01:23:37.8295530Z Successfully extracted go to /Users/runner/work/_temp/01f64be6-2a7e-48cf-8b34-660152e50a23
2026-09-27T01:23:37.8296210Z Adding to the cache ...
2026-09-27T01:23:45.6428000Z Successfully cached go to /Users/runner/hostedtoolcache/go/1.27.1/arm64
2026-09-27T01:23:45.6429100Z Added go to the path
2026-09-27T01:23:45.6430670Z Successfully set up Go version 1.27.1
2026-09-27T01:23:45.8481120Z [command]/Users/runner/hostedtoolcache/go/1.27.1/arm64/bin/go env GOMODCACHE
2026-09-27T01:23:45.8501920Z [command]/Users/runner/hostedtoolcache/go/1.27.1/arm64/bin/go env GOCACHE
2026-09-27T01:23:45.8603340Z /Users/runner/Library/Caches/go-build
2026-09-27T01:23:45.8615290Z /Users/runner/go/pkg/mod
2026-09-27T01:23:45.9512430Z Cache hit for: setup-go-macOS-arm64-go-1.27.1-7b155624c2d1406e24ffbc7ab749060c0f03082dbddbb9a363c6dbfe4b3d9db6
2026-09-27T01:23:47.1365750Z Received 134217728 of 306087277 (43.8%), 115.1 MBs/sec
2026-09-27T01:23:48.1348680Z Received 289406976 of 306087277 (94.6%), 130.7 MBs/sec
2026-09-27T01:23:48.2663510Z Received 306087277 of 306087277 (100.0%), 129.9 MBs/sec
2026-09-27T01:23:48.2665720Z Cache Size: ~292 MB (306087277 B)
2026-09-27T01:23:48.2781290Z [command]/opt/homebrew/bin/gtar -xf /Users/runner/work/_temp/c8e79e6d-bc49-4323-a05c-d9c2c9b798cc/cache.tzst -P -C /Users/runner/work/starmap/starmap --delay-directory-restore --use-compress-program unzstd
2026-09-27T01:23:56.7416330Z Cache restored successfully
2026-09-27T01:23:56.7517840Z Cache restored from key: setup-go-macOS-arm64-go-1.27.1-7b155624c2d1406e24ffbc7ab749060c0f03082dbddbb9a363c6dbfe4b3d9db6
2026-09-27T01:23:56.7626080Z go version go1.27.1 darwin/arm64
2026-09-27T01:23:56.7626270Z 
2026-09-27T01:23:56.7626730Z ##[group]go env
2026-09-27T01:23:58.7293220Z AR='ar'
2026-09-27T01:23:58.7294750Z CC='clang'
2026-09-27T01:23:58.7295790Z CGO_CFLAGS='-O2 -g'
2026-09-27T01:23:58.7296300Z CGO_CPPFLAGS=''
2026-09-27T01:23:58.7296710Z CGO_CXXFLAGS='-O2 -g'
2026-09-27T01:23:58.7297030Z CGO_ENABLED='0'
2026-09-27T01:23:58.7297350Z CGO_FFLAGS='-O2 -g'
2026-09-27T01:23:58.7297630Z CGO_LDFLAGS='-O2 -g'
2026-09-27T01:23:58.7298040Z CXX='clang++'
2026-09-27T01:23:58.7298350Z GCCGO='gccgo'
2026-09-27T01:23:58.7298640Z GO111MODULE=''
2026-09-27T01:23:58.7298970Z GOARCH='arm64'
2026-09-27T01:23:58.7299260Z GOARM64='v8.0'
2026-09-27T01:23:58.7299660Z GOAUTH='netrc'
2026-09-27T01:23:58.7299950Z GOBIN='/Users/runner/go/bin'
2026-09-27T01:23:58.7300400Z GOCACHE='/Users/runner/Library/Caches/go-build'
2026-09-27T01:23:58.7300740Z GOCACHEPROG=''
2026-09-27T01:23:58.7301120Z GODEBUG=''
2026-09-27T01:23:58.7301520Z GOENV='/Users/runner/Library/Application Support/go/env'
2026-09-27T01:23:58.7301880Z GOEXE=''
2026-09-27T01:23:58.7302210Z GOEXPERIMENT=''
2026-09-27T01:23:58.7302540Z GOFIPS140='off'
2026-09-27T01:23:58.7302840Z GOFLAGS=''
2026-09-27T01:23:58.7304610Z GOGCCFLAGS='-fPIC -arch arm64 -fno-caret-diagnostics -Qunused-arguments -fmessage-length=0 -ffile-prefix-map=/var/folders/nj/vtw8zd2j31d1gdrtntc5y4600000gn/T/go-build1180779552=/tmp/go-build -gno-record-gcc-switches -fno-common'
2026-09-27T01:23:58.7306120Z GOHOSTARCH='arm64'
2026-09-27T01:23:58.7306440Z GOHOSTOS='darwin'
2026-09-27T01:23:58.7306810Z GOINSECURE=''
2026-09-27T01:23:58.7307060Z GOMOD='/Users/runner/work/starmap/starmap/go.mod'
2026-09-27T01:23:58.7307630Z GOMODCACHE='/Users/runner/go/pkg/mod'
2026-09-27T01:23:58.7308020Z GONOPROXY=''
2026-09-27T01:23:58.7308240Z GONOSUMDB=''
2026-09-27T01:23:58.7308530Z GOOS='darwin'
2026-09-27T01:23:58.7308780Z GOPACKAGESDRIVER=''
2026-09-27T01:23:58.7309130Z GOPATH='/Users/runner/go'
2026-09-27T01:23:58.7309450Z GOPRIVATE=''
2026-09-27T01:23:58.7309770Z GOPROXY='https://proxy.golang.org,direct'
2026-09-27T01:23:58.7310160Z GOROOT='/Users/runner/hostedtoolcache/go/1.27.1/arm64'
2026-09-27T01:23:58.7310660Z GOSUMDB='sum.golang.org'
2026-09-27T01:23:58.7311040Z GOTELEMETRY='local'
2026-09-27T01:23:58.7311600Z GOTELEMETRYDIR='/Users/runner/Library/Application Support/go/telemetry'
2026-09-27T01:23:58.7312000Z GOTMPDIR=''
2026-09-27T01:23:58.7312400Z GOTOOLCHAIN='local'
2026-09-27T01:23:58.7312880Z GOTOOLDIR='/Users/runner/hostedtoolcache/go/1.27.1/arm64/pkg/tool/darwin_arm64'
2026-09-27T01:23:58.7313290Z GOVCS=''
2026-09-27T01:23:58.7313570Z GOVERSION='go1.27.1'
2026-09-27T01:23:58.7313830Z GOWORK=''
2026-09-27T01:23:58.7314190Z PKG_CONFIG='pkg-config'
2026-09-27T01:23:58.7314350Z 
2026-09-27T01:23:58.7314850Z ##[endgroup]
2026-09-27T01:23:58.7697480Z ##[group]Run oven-sh/setup-bun@0c5077e51419868618aeaa5fe8019c62421857d6
2026-09-27T01:23:58.7697950Z with:
2026-09-27T01:23:58.7698190Z   bun-version: 1.3.12
2026-09-27T01:23:58.7698520Z   no-cache: true
2026-09-27T01:23:58.7700680Z   token: ***
2026-09-27T01:23:58.7701030Z env:
2026-09-27T01:23:58.7701450Z   GOTOOLCHAIN: local
2026-09-27T01:23:58.7701700Z   CGO_ENABLED: 0
2026-09-27T01:23:58.7702070Z   CATALOG_GIT_FIXTURE_REQUIRED: 1
2026-09-27T01:23:58.7702410Z   STARMAP_PUBLIC_FIXTURE_REQUIRED: 1
2026-09-27T01:23:58.7702670Z ##[endgroup]
2026-09-27T01:23:58.9455500Z Downloading a new version of Bun: https://github.com/oven-sh/bun/releases/download/bun-v1.3.12/bun-darwin-aarch64.zip
2026-09-27T01:23:59.4492180Z [command]/usr/bin/unzip -o -q /Users/runner/work/_temp/e894e30b-43ba-47c6-805f-ce4078e2e396.zip
2026-09-27T01:23:59.9172860Z [command]/Users/runner/.bun/bin/bun --revision
2026-09-27T01:23:59.9875290Z 1.3.12+700fc117a
2026-09-27T01:23:59.9995520Z ##[group]Run python3 scripts/prepare_public_catalog_fixture.py
2026-09-27T01:23:59.9996030Z [36;1mpython3 scripts/prepare_public_catalog_fixture.py[0m
2026-09-27T01:24:00.1796170Z shell: /bin/bash --noprofile --norc -e -o pipefail {0}
2026-09-27T01:24:00.1796520Z env:
2026-09-27T01:24:00.1796770Z   GOTOOLCHAIN: local
2026-09-27T01:24:00.1797470Z   CGO_ENABLED: 0
2026-09-27T01:24:00.1797730Z   CATALOG_GIT_FIXTURE_REQUIRED: 1
2026-09-27T01:24:00.1798020Z   STARMAP_PUBLIC_FIXTURE_REQUIRED: 1
2026-09-27T01:24:00.1798760Z ##[endgroup]
2026-09-27T01:24:00.9705910Z {"outcome": "downloaded-and-verified", "path": "/Users/runner/work/starmap/starmap/runtime/testdata/public-catalog-20260908/starmap-catalog.tar.gz", "size_bytes": 411974}
2026-09-27T01:24:00.9853200Z ##[group]Run mkdir -p native-evidence
2026-09-27T01:24:00.9853610Z [36;1mmkdir -p native-evidence[0m
2026-09-27T01:24:00.9856340Z [36;1mgo test -json -count=1 -timeout=5m -run '^Test(WorkspaceEmptyLockedRecords|PrivateEmptyRecordReadWhileExclusivelyLocked|PrivatePublicationPreservesChangedRecords|PreparationCleanupPreservesOperatorChanges|WorkspaceWriterReplacementStopsPublication|WorkspaceWriterReplacementStopsJournalPhases|LegacyStoreLockCancellationPreservesStore|MigrateLegacyLayoutRelocatesStoreAndProjectsCurrent|LegacyRollbackPreservesOperatorSidecars|RelocationPreparationClosesHandlesAfterCleanupConflict|RequiredBaselineWriteFailurePreventsRuntimeStartup|CredentialPolicyRejectsInvalidInstallationMarkersBeforeWrites)$' ./internal/privatefiles ./internal/catalog/workspace ./internal/cli/app > native-evidence/filesystem-preflight.jsonl[0m
2026-09-27T01:24:00.9920280Z shell: /bin/bash --noprofile --norc -e -o pipefail {0}
2026-09-27T01:24:00.9921100Z env:
2026-09-27T01:24:00.9921330Z   GOTOOLCHAIN: local
2026-09-27T01:24:00.9921520Z   CGO_ENABLED: 0
2026-09-27T01:24:00.9921700Z   CATALOG_GIT_FIXTURE_REQUIRED: 1
2026-09-27T01:24:00.9921900Z   STARMAP_PUBLIC_FIXTURE_REQUIRED: 1
2026-09-27T01:24:00.9922100Z ##[endgroup]
2026-09-27T01:24:12.3284780Z ##[group]Run mkdir -p native-evidence
2026-09-27T01:24:12.3285440Z [36;1mmkdir -p native-evidence[0m
2026-09-27T01:24:12.3285720Z [36;1mgo version > native-evidence/toolchain.txt[0m
2026-09-27T01:24:12.3286230Z [36;1mgo env GOOS GOARCH GOHOSTOS GOHOSTARCH CGO_ENABLED >> native-evidence/toolchain.txt[0m
2026-09-27T01:24:12.3286740Z [36;1mtest "$(go env GOOS)" = "$EXPECTED_OS"[0m
2026-09-27T01:24:12.3287050Z [36;1mtest "$(go env GOHOSTOS)" = "$EXPECTED_OS"[0m
2026-09-27T01:24:12.3287440Z [36;1mtest "$(go env GOARCH)" = "$EXPECTED_ARCH"[0m
2026-09-27T01:24:12.3287810Z [36;1mtest "$(go env GOHOSTARCH)" = "$EXPECTED_ARCH"[0m
2026-09-27T01:24:12.3289350Z [36;1mnative_packages=(. ./runtime ./server ./server/administration ./internal/server/middleware ./internal/cli/commands/serve ./internal/auth ./internal/bootstrap ./internal/filepublish ./internal/privatefiles ./internal/runtimeacl/windows ./internal/sources/github ./internal/cli/app ./pkg/productfiles ./pkg/productpaths ./pkg/productpaths/policy ./pkg/catalogs/storage ./pkg/catalogs/permission/... ./internal/catalog/workspace ./internal/test/gitfixture)[0m
2026-09-27T01:24:12.3290790Z [36;1mif [ "$EXPECTED_OS" = windows ]; then[0m
2026-09-27T01:24:12.3291170Z [36;1m  native_packages+=(./internal/test/windowstoken)[0m
2026-09-27T01:24:12.3291480Z [36;1mfi[0m
2026-09-27T01:24:12.3291820Z [36;1m# The complete runtime suite uses the repository verification limit.[0m
2026-09-27T01:24:12.3292420Z [36;1mgo test -json -count=1 -timeout=30m -p=1 "${native_packages[@]}" > native-evidence/tests.jsonl[0m
2026-09-27T01:24:12.3336900Z shell: /bin/bash --noprofile --norc -e -o pipefail {0}
2026-09-27T01:24:12.3337210Z env:
2026-09-27T01:24:12.3337480Z   GOTOOLCHAIN: local
2026-09-27T01:24:12.3337750Z   CGO_ENABLED: 0
2026-09-27T01:24:12.3337950Z   CATALOG_GIT_FIXTURE_REQUIRED: 1
2026-09-27T01:24:12.3338250Z   STARMAP_PUBLIC_FIXTURE_REQUIRED: 1
2026-09-27T01:24:12.3338480Z   EXPECTED_OS: darwin
2026-09-27T01:24:12.3338790Z   EXPECTED_ARCH: arm64
2026-09-27T01:24:12.3339040Z ##[endgroup]
2026-09-27T01:24:12.5458780Z go: downloading github.com/oiweiwei/go-msrpc v1.5.4
2026-09-27T01:24:15.6739540Z go: downloading github.com/oiweiwei/go-math v1.0.0
2026-09-27T01:24:15.6750900Z go: downloading github.com/oiweiwei/go-smb2.fork v1.0.2
2026-09-27T01:24:15.7504460Z go: downloading github.com/jcmturner/gofork v1.7.6
2026-09-27T01:24:16.0099560Z go: downloading github.com/jcmturner/gokrb5/v8 v8.4.4
2026-09-27T01:24:16.0205480Z go: downloading github.com/oiweiwei/gokrb5.fork/v9 v9.0.7
2026-09-27T01:24:16.2993430Z go: downloading github.com/oiweiwei/go-oem v1.0.0
2026-09-27T01:24:16.3078050Z go: downloading github.com/jcmturner/dnsutils/v2 v2.0.0
2026-09-27T01:24:16.3082460Z go: downloading github.com/jcmturner/goidentity/v6 v6.0.1
2026-09-27T01:24:16.4412070Z go: downloading github.com/hashicorp/go-uuid v1.0.3
2026-09-27T01:24:16.4547590Z go: downloading github.com/geoffgarside/ber v1.1.0
2026-09-27T01:24:16.4861590Z go: downloading github.com/jcmturner/aescts/v2 v2.0.0
2026-09-27T01:24:16.5823830Z go: downloading github.com/jcmturner/rpc/v2 v2.0.3
2026-09-27T01:24:16.6427420Z go: downloading github.com/indece-official/go-ebcdic v1.2.0
2026-09-27T01:36:44.7362880Z ##[error]Process completed with exit code 1.
2026-09-27T01:36:44.7708950Z ##[group]Run actions/upload-artifact@043fb46d1a93c77aae656e7c1c64a875d1fc6a0a
2026-09-27T01:36:44.7709570Z with:
2026-09-27T01:36:44.7709870Z   name: native-runtime-macos-15
2026-09-27T01:36:44.7710270Z   path: native-evidence/
2026-09-27T01:36:44.7710550Z   if-no-files-found: error
2026-09-27T01:36:44.7710920Z   compression-level: 6
2026-09-27T01:36:44.7711150Z   overwrite: false
2026-09-27T01:36:44.7719640Z   include-hidden-files: false
2026-09-27T01:36:44.7719930Z   archive: true
2026-09-27T01:36:44.7720130Z env:
2026-09-27T01:36:44.7720430Z   GOTOOLCHAIN: local
2026-09-27T01:36:44.7720750Z   CGO_ENABLED: 0
2026-09-27T01:36:44.7720990Z   CATALOG_GIT_FIXTURE_REQUIRED: 1
2026-09-27T01:36:44.7721310Z   STARMAP_PUBLIC_FIXTURE_REQUIRED: 1
2026-09-27T01:36:44.7721560Z ##[endgroup]
2026-09-27T01:36:45.1591360Z With the provided path, there will be 3 files uploaded
2026-09-27T01:36:45.1594330Z Artifact name is valid!
2026-09-27T01:36:45.1594930Z Root directory input is valid!
2026-09-27T01:36:45.3462890Z Uploading artifact: native-runtime-macos-15.zip
2026-09-27T01:36:45.3487450Z Beginning upload of artifact content to blob storage
2026-09-27T01:36:45.5645480Z Uploaded bytes 302844
2026-09-27T01:36:45.5705820Z Finished uploading artifact content to blob storage!
2026-09-27T01:36:45.5707940Z SHA256 digest of uploaded artifact is e15ea7d6be6e89463f0f54a7f0d76ab3c28ce244e9439fcaea3968607037f28b
2026-09-27T01:36:45.5708680Z Finalizing artifact upload
2026-09-27T01:36:45.7782050Z Artifact native-runtime-macos-15 successfully finalized. Artifact ID 10920119852
2026-09-27T01:36:45.7784710Z Artifact native-runtime-macos-15 has been successfully uploaded! Final size is 302844 bytes. Artifact ID is 10920119852
2026-09-27T01:36:45.7799450Z Artifact download URL: https://github.com/agentstation/starmap/actions/runs/36285374567/artifacts/10920119852
2026-09-27T01:36:45.8190730Z Post job cleanup.
2026-09-27T01:36:45.9218530Z [command]/opt/homebrew/bin/git version
2026-09-27T01:36:45.9287590Z git version 2.55.0
2026-09-27T01:36:45.9302860Z Copying '/Users/runner/.gitconfig' to '/Users/runner/work/_temp/433d49af-562c-4af3-82a1-0ffbea18e840/.gitconfig'
2026-09-27T01:36:45.9308550Z Temporarily overriding HOME='/Users/runner/work/_temp/433d49af-562c-4af3-82a1-0ffbea18e840' before making global git config changes
2026-09-27T01:36:45.9309390Z Adding repository directory to the temporary git global config as a safe directory
2026-09-27T01:36:45.9312040Z [command]/opt/homebrew/bin/git config --global --add safe.directory /Users/runner/work/starmap/starmap
2026-09-27T01:36:45.9369610Z Removing SSH command configuration
2026-09-27T01:36:45.9373290Z [command]/opt/homebrew/bin/git config --local --name-only --get-regexp core\.sshCommand
2026-09-27T01:36:45.9422310Z [command]/opt/homebrew/bin/git submodule foreach --recursive sh -c "git config --local --name-only --get-regexp 'core\.sshCommand' && git config --local --unset-all 'core.sshCommand' || :"
2026-09-27T01:36:46.0202270Z Removing HTTP extra header
2026-09-27T01:36:46.0205750Z [command]/opt/homebrew/bin/git config --local --name-only --get-regexp http\.https\:\/\/github\.com\/\.extraheader
2026-09-27T01:36:46.0256370Z [command]/opt/homebrew/bin/git submodule foreach --recursive sh -c "git config --local --name-only --get-regexp 'http\.https\:\/\/github\.com\/\.extraheader' && git config --local --unset-all 'http.https://github.com/.extraheader' || :"
2026-09-27T01:36:46.1107930Z Removing includeIf entries pointing to credentials config files
2026-09-27T01:36:46.1112670Z [command]/opt/homebrew/bin/git config --local --name-only --get-regexp ^includeIf\.gitdir:
2026-09-27T01:36:46.1175790Z [command]/opt/homebrew/bin/git submodule foreach --recursive git config --local --show-origin --name-only --get-regexp remote.origin.url
2026-09-27T01:36:46.2379250Z Cleaning up orphan processes
