?   	github.com/agentstation/starmap/internal/cli/alerts	[no test files]
ok  	github.com/agentstation/starmap/internal/cli/app	1.701s [no tests to run]
?   	github.com/agentstation/starmap/internal/cli/commands/auth	[no test files]
?   	github.com/agentstation/starmap/internal/cli/commands/authors	[no test files]
?   	github.com/agentstation/starmap/internal/cli/commands/completion	[no test files]
ok  	github.com/agentstation/starmap/internal/cli/commands/config	0.502s [no tests to run]
ok  	github.com/agentstation/starmap/internal/cli/commands/deps	2.325s [no tests to run]
ok  	github.com/agentstation/starmap/internal/cli/commands/embed	0.243s [no tests to run]
ok  	github.com/agentstation/starmap/internal/cli/commands/migrate	3.294s [no tests to run]
ok  	github.com/agentstation/starmap/internal/cli/commands/models	2.705s [no tests to run]
ok  	github.com/agentstation/starmap/internal/cli/commands/providers	3.033s [no tests to run]
ok  	github.com/agentstation/starmap/internal/cli/commands/serve	0.867s [no tests to run]
ok  	github.com/agentstation/starmap/internal/cli/commands/update	1.956s [no tests to run]
ok  	github.com/agentstation/starmap/internal/cli/commands/validate	1.248s [no tests to run]
?   	github.com/agentstation/starmap/internal/cli/completion	[no test files]
?   	github.com/agentstation/starmap/internal/cli/constants	[no test files]
ok  	github.com/agentstation/starmap/internal/cli/convert	2.453s [no tests to run]
ok  	github.com/agentstation/starmap/internal/cli/embed	0.988s [no tests to run]
?   	github.com/agentstation/starmap/internal/cli/emoji	[no test files]
?   	github.com/agentstation/starmap/internal/cli/filter	[no test files]
?   	github.com/agentstation/starmap/internal/cli/format	[no test files]
?   	github.com/agentstation/starmap/internal/cli/globals	[no test files]
ok  	github.com/agentstation/starmap/internal/cli/hints	3.277s [no tests to run]
?   	github.com/agentstation/starmap/internal/cli/notify	[no test files]
?   	github.com/agentstation/starmap/internal/cli/provider	[no test files]
ok  	github.com/agentstation/starmap/internal/cli/table	3.299s [no tests to run]
