{
  "verdict": "PASS",
  "scope": "Document contracts only. No product acceptance credit.",
  "tasks": 38,
  "primary_cases": 50,
  "required_subcases": 324,
  "candidate_subcases": 305,
  "candidate_extra_subcases": 8,
  "dependency_graph": {
    "CSP0": [],
    "CSP0.1": [
      "CSP0"
    ],
    "CSP0.2": [
      "CSP0.1"
    ],
    "CSP0.3": [
      "CSP0.2"
    ],
    "CSP0.4": [
      "CSP0"
    ],
    "CSP1": [
      "CSP0"
    ],
    "CSP2": [
      "CSP1"
    ],
    "CSP3": [
      "CSP1"
    ],
    "CSP3.1": [
      "CSP0.4"
    ],
    "CSP4": [
      "CSP2",
      "CSP3"
    ],
    "CSP5": [
      "CSP3",
      "CSP4"
    ],
    "CSP6": [
      "CSP2",
      "CSP3",
      "CSP4"
    ],
    "CSP7": [
      "CSP1",
      "CSP3"
    ],
    "CSP8": [
      "CSP1",
      "CSP2",
      "CSP3",
      "CSP3.1",
      "CSP4",
      "CSP5",
      "CSP6",
      "CSP7"
    ],
    "CSP9": [
      "CSP7",
      "CSP8"
    ],
    "CSP9.1": [
      "CSP0.4",
      "CSP9"
    ],
    "CSP10": [
      "CSP4",
      "CSP8",
      "CSP9"
    ],
    "CSP10.1": [
      "CSP0.4",
      "CSP3.1",
      "CSP10"
    ],
    "CSP10.2": [
      "CSP0.4",
      "CSP9.1",
      "CSP10"
    ],
    "CSP10.3": [
      "CSP0.4",
      "CSP10.1"
    ],
    "CSP11": [
      "CSP5",
      "CSP10"
    ],
    "CSP12": [
      "CSP8",
      "CSP11"
    ],
    "CSP12.1": [
      "CSP0.4",
      "CSP8",
      "CSP12"
    ],
    "CSP12.2": [
      "CSP0.4",
      "CSP10.2",
      "CSP12"
    ],
    "CSP13": [
      "CSP11",
      "CSP12",
      "CSP12.1",
      "CSP12.2"
    ],
    "CSP14": [
      "CSP1",
      "CSP4",
      "CSP5",
      "CSP7"
    ],
    "CSP15": [
      "CSP11",
      "CSP12",
      "CSP12.1",
      "CSP12.2",
      "CSP13"
    ],
    "CSP16": [
      "CSP8",
      "CSP9",
      "CSP10",
      "CSP10.2",
      "CSP12",
      "CSP12.1",
      "CSP13"
    ],
    "CSP16.1": [
      "CSP16"
    ],
    "CSP17": [
      "CSP0.1",
      "CSP10",
      "CSP12",
      "CSP16.1"
    ],
    "CSP18": [
      "CSP1",
      "CSP8",
      "CSP16",
      "CSP17"
    ],
    "CSP19": [
      "CSP12",
      "CSP12.1",
      "CSP12.2",
      "CSP13",
      "CSP14",
      "CSP15",
      "CSP16",
      "CSP16.1",
      "CSP17",
      "CSP18"
    ],
    "CSP20": [
      "CSP17",
      "CSP18",
      "CSP19"
    ],
    "CSP21": [
      "CSP17",
      "CSP20"
    ],
    "CSP22": [
      "CSP0",
      "CSP0.1",
      "CSP0.2",
      "CSP0.3",
      "CSP0.4",
      "CSP1",
      "CSP2",
      "CSP3",
      "CSP3.1",
      "CSP4",
      "CSP5",
      "CSP6",
      "CSP7",
      "CSP8",
      "CSP9",
      "CSP9.1",
      "CSP10",
      "CSP10.1",
      "CSP10.2",
      "CSP10.3",
      "CSP11",
      "CSP12",
      "CSP12.1",
      "CSP12.2",
      "CSP13",
      "CSP14",
      "CSP15",
      "CSP16",
      "CSP16.1",
      "CSP17",
      "CSP18",
      "CSP19",
      "CSP20",
      "CSP21"
    ],
    "CSP23": [
      "CSP22"
    ],
    "CSP24": [
      "CSP23"
    ],
    "CSP99": [
      "CSP24"
    ]
  },
  "CA05_dependency_present": true,
  "prior_audit_inputs_preserved": 46,
  "historical_files_preserved": 57,
  "local_links_checked": 277,
  "pinned_links_checked": 74,
  "plan_lines": 500,
  "artifact_sha256": {
    "docs/plans/starport-production-catalog-plan.html": "5ed99cacb749ebe40e2df5c298cd191df0547d6332a03fff1837ff2976b6d144",
    "docs/plans/README.md": "58ffc3cf0950b60ad67058f664f9f6481a210f84f0e254d481e30dc74caf93cb",
    "docs/design/catalog-lifecycle/PRD.md": "b8c6859c6eaff97e636b7a02f117a2941d5b4407aba9136b6df599c5a4fd5bd2",
    "docs/design/catalog-lifecycle/ENGINEERING_SPEC.md": "05fc0a040a62f4084b1bc59f7ca7d50d8b21692beb4d88a186fc49f6069055f5",
    "docs/design/catalog-lifecycle/REPOSITORY_FINDINGS.md": "704bbdb56b985086f9b6881af389cc37cf644f438e2c2097f81f4e67a7a1c508",
    "docs/plans/proof/starport-production-catalog/activation-2026-09-05/RESOLUTION.md": "2ac700a8a18f58248bf636fbd6a0a139995c164c56eb5e84b1c3e9a8c90c54c5"
  }
}
