
 RUN  v4.1.11 /Users/jack/src/github.com/agentstation/starport-catalog-lifecycle/console

 ❯ src/components/ui/DateField.test.tsx (3 tests | 2 failed) 5814ms
   × the trigger reads the chosen day, opens the month grid, and a pick closes it 5808ms
   × a locked field offers no clear control 3ms
Not implemented: Window's scrollTo() method
Not implemented: Window's scrollTo() method
Not implemented: Window's scrollTo() method
Not implemented: Window's scrollTo() method
Not implemented: Window's scrollTo() method
Not implemented: Window's scrollTo() method
Not implemented: Window's scrollTo() method
(node:34232) ExperimentalWarning: localStorage is not available because --localstorage-file was not provided.
(Use `node --trace-warnings ...` to show where the warning was created)
Not implemented: Window's scrollTo() method
Not implemented: Window's scrollTo() method

⎯⎯⎯⎯⎯⎯⎯ Failed Tests 2 ⎯⎯⎯⎯⎯⎯⎯

 FAIL  src/components/ui/DateField.test.tsx > the trigger reads the chosen day, opens the month grid, and a pick closes it
Error: Test timed out in 5000ms.
If this is a long-running test, pass a timeout value as the last argument or configure it globally with "testTimeout".
 ❯ src/components/ui/DateField.test.tsx:29:1
     27| });
     28|
     29| test("the trigger reads the chosen day, opens the month grid, and a pi…
       | ^
     30|   render(<Harness initial="2026-09-30" />);
     31|   const trigger = screen.getByRole("button", { name: /Sep 30, 2026/ });

⎯⎯⎯⎯⎯⎯⎯⎯⎯⎯⎯⎯⎯⎯⎯⎯⎯⎯⎯⎯⎯⎯⎯⎯[1/2]⎯

 FAIL  src/components/ui/DateField.test.tsx > a locked field offers no clear control
TestingLibraryElementError: Unable to find an accessible element with the role "button" and name "Clear date"

There are no accessible roles. But there might be some inaccessible roles. If you wish to access them, then set the `hidden` option to `true`. Learn more about this here: https://testing-library.com/docs/dom-testing-library/api-queries#byrole

Ignored nodes: comments, script, style
[36m<body>[39m
  [36m<div />[39m
[36m</body>[39m
 ❯ Object.getElementError node_modules/.pnpm/@testing-library+dom@10.4.1/node_modules/@testing-library/dom/dist/config.js:37:19
 ❯ node_modules/.pnpm/@testing-library+dom@10.4.1/node_modules/@testing-library/dom/dist/query-helpers.js:76:38
 ❯ node_modules/.pnpm/@testing-library+dom@10.4.1/node_modules/@testing-library/dom/dist/query-helpers.js:52:17
 ❯ node_modules/.pnpm/@testing-library+dom@10.4.1/node_modules/@testing-library/dom/dist/query-helpers.js:95:19
 ❯ src/components/ui/DateField.test.tsx:54:26
     52|   cleanup();
     53|   render(<Harness initial="2026-09-30" />);
     54|   fireEvent.click(screen.getByRole("button", { name: "Clear date" }));
       |                          ^
     55|   expect(screen.getByTestId("value").textContent).toBe("");
     56|   expect(screen.getByRole("button", { name: /Never/ })).toBeTruthy();

⎯⎯⎯⎯⎯⎯⎯⎯⎯⎯⎯⎯⎯⎯⎯⎯⎯⎯⎯⎯⎯⎯⎯⎯[2/2]⎯


 Test Files  1 failed | 3 passed (4)
      Tests  2 failed | 13 passed (15)
   Start at  23:28:42
   Duration  18.65s (transform 3.54s, setup 88ms, import 13.26s, tests 16.65s, environment 5.52s)

