PASS DX-MAIN-1
PASS DX-MAIN-2
PASS DX-MAIN-3
PASS DX-CFG-1
PASS DX-CFG-2
PASS DX-CFG-3
PASS DX-CFG-4
PASS DX-CFG-5
PASS DX-CFG-6
PASS DX-CFG-7
PASS DX-CLI-1
PASS DX-CLI-2
PASS DX-CLI-3
PASS DX-CLI-4
PASS DX-CLI-5
PASS DX-CLI-6
PASS DX-CLI-7
PASS DX-CLI-8
PASS DX-CLI-9
PASS DX-CLI-10
PASS DX-CLI-11
PASS DX-SETUP-1
PASS DX-SETUP-2
PASS DX-SETUP-3
PASS DX-AUTH-1
PASS DX-AUTH-2
PASS DX-AUTH-3
PASS DX-AUTH-4
PASS DX-BREW-1
PASS DX-BREW-2
PASS DX-BREW-3
PASS DX-BREW-4
PASS DX-BREW-5
PASS DX-DEV-1
PASS DX-DEV-2
PASS DX-DEV-3
PASS DX-DEV-4
PASS DX-DEV-5
PASS DX-DEV-6
PASS DX-DOC-1
PASS DX-DOC-2
PASS DX-DOC-3
PASS DX-DOC-4
PASS DX-DOC-5
PASS DX-DOC-6
PASS DX-DOC-7
PASS DX-DOC-8
Summary: 47 passed, 0 failed
